The system is: Linux - 4.18.0-553.126.1.1toss.t4.x86_64 - x86_64
Compiling the C compiler identification source file "CMakeCCompilerId.c" succeeded.
Compiler: /opt/cray/pe/craype/2.7.35/bin/cc 
Build flags: 
Id flags:  

The output was:
0


Compilation of the C compiler identification source "CMakeCCompilerId.c" produced "a.out"

The C compiler identification is Clang, found in "/usr/workspace/haridev/dftracer-project/brahma/build_verify/CMakeFiles/3.24.2/CompilerIdC/a.out"

Compiling the CXX compiler identification source file "CMakeCXXCompilerId.cpp" succeeded.
Compiler: /opt/cray/pe/craype/2.7.35/bin/CC 
Build flags: 
Id flags:  

The output was:
0


Compilation of the CXX compiler identification source "CMakeCXXCompilerId.cpp" produced "a.out"

The CXX compiler identification is Clang, found in "/usr/workspace/haridev/dftracer-project/brahma/build_verify/CMakeFiles/3.24.2/CompilerIdCXX/a.out"

Detecting C compiler ABI info compiled with the following output:
Change Dir: /usr/workspace/haridev/dftracer-project/brahma/build_verify/CMakeFiles/CMakeTmp

Run Build Command(s):/usr/bin/gmake -f Makefile cmTC_f20cb/fast && /usr/bin/gmake  -f CMakeFiles/cmTC_f20cb.dir/build.make CMakeFiles/cmTC_f20cb.dir/build
gmake[1]: Entering directory '/usr/WS2/haridev/dftracer-project/brahma/build_verify/CMakeFiles/CMakeTmp'
Building C object CMakeFiles/cmTC_f20cb.dir/CMakeCCompilerABI.c.o
/opt/cray/pe/craype/2.7.35/bin/cc   -v -MD -MT CMakeFiles/cmTC_f20cb.dir/CMakeCCompilerABI.c.o -MF CMakeFiles/cmTC_f20cb.dir/CMakeCCompilerABI.c.o.d -o CMakeFiles/cmTC_f20cb.dir/CMakeCCompilerABI.c.o -c /usr/tce/backend/installations/linux-rhel8-x86_64/gcc-8.3.1/cmake-3.24.2-ywx52e32uh6gkxzuyubpwkulzgdvxyh6/share/cmake-3.24/Modules/CMakeCCompilerABI.c
Cray clang version 20.0.0  (95f64a80f3ee7b4a305f3014c51d36f78b24d91e)
Target: x86_64-unknown-linux-gnu
Thread model: posix
InstalledDir: /opt/cray/pe/cce/20.0.0/cce-clang/x86_64/bin
Build config: +assertions
Configuration file: /opt/cray/pe/cce/20.0.0/cce-clang/x86_64/bin/clang.cfg
Found candidate GCC installation: /opt/rh/gcc-toolset-13/root/usr/lib/gcc/x86_64-redhat-linux/13
Selected GCC installation: /opt/rh/gcc-toolset-13/root/usr/lib/gcc/x86_64-redhat-linux/13
Candidate multilib: .;@m64
Candidate multilib: 32;@m32
Selected multilib: .;@m64
Found HIP installation: /opt/rocm-7.2.1, version 7.2.53211
 (in-process)
 "/opt/cray/pe/cce/20.0.0/cce-clang/x86_64/bin/clang-20" -cc1 -triple x86_64-unknown-linux-gnu -mllvm -cray-omp-opt-fork-call -mllvm -cray-omp-parallel-opt-call -mllvm -cray-openmp-rename-outlined -fcray-gpu -flocal-restrict -mllvm -cray-enhanced-asm=1 -fenhanced-asm=1 -mllvm -cray-enhanced-ir=1 -fenhanced-ir=1 -fomp-local-offload-table -ffortran -emit-obj -disable-free -clear-ast-before-backend -main-file-name CMakeCCompilerABI.c -mrelocation-model static -mframe-pointer=all -fmath-errno -ffp-contract=on -fno-rounding-math -mconstructor-aliases -funwind-tables=2 -target-cpu znver3 -debugger-tuning=gdb -fdebug-compilation-dir=/usr/WS2/haridev/dftracer-project/brahma/build_verify/CMakeFiles/CMakeTmp -v -fcoverage-compilation-dir=/usr/WS2/haridev/dftracer-project/brahma/build_verify/CMakeFiles/CMakeTmp -resource-dir /opt/cray/pe/cce/20.0.0/cce-clang/x86_64/lib/clang/20 -dependency-file CMakeFiles/cmTC_f20cb.dir/CMakeCCompilerABI.c.o.d -MT CMakeFiles/cmTC_f20cb.dir/CMakeCCompilerABI.c.o -sys-header-deps -isystem /opt/cray/pe/cce/20.0.0/cce-clang/x86_64/lib/clang/20/include -isystem /opt/cray/pe/cce/20.0.0/cce/x86_64/include/craylibs -D __CRAY_X86_TRENTO -D __CRAY_NONE -D __CRAYXT_COMPUTE_LINUX_TARGET -I /opt/cray/pe/mpich/9.0.1/ofi/cray/20.0/include -I /opt/cray/pe/libsci/25.09.0/CRAY/20.0/x86_64/include -internal-isystem /opt/cray/pe/cce/20.0.0/cce-clang/x86_64/lib/clang/20/include -internal-isystem /usr/local/include -internal-isystem /opt/rh/gcc-toolset-13/root/usr/lib/gcc/x86_64-redhat-linux/13/../../../../x86_64-redhat-linux/include -internal-externc-isystem /include -internal-externc-isystem /usr/include -ferror-limit 19 -fgnuc-version=4.2.1 -fskip-odr-check-in-gmf -faddrsig -D__GCC_HAVE_DWARF2_CFI_ASM=1 -o CMakeFiles/cmTC_f20cb.dir/CMakeCCompilerABI.c.o -x c /usr/tce/backend/installations/linux-rhel8-x86_64/gcc-8.3.1/cmake-3.24.2-ywx52e32uh6gkxzuyubpwkulzgdvxyh6/share/cmake-3.24/Modules/CMakeCCompilerABI.c
clang -cc1 version 20.1.6 based upon LLVM 20.1.6 default target x86_64-unknown-linux-gnu
ignoring nonexistent directory "/opt/rh/gcc-toolset-13/root/usr/lib/gcc/x86_64-redhat-linux/13/../../../../x86_64-redhat-linux/include"
ignoring nonexistent directory "/include"
ignoring duplicate directory "/opt/cray/pe/cce/20.0.0/cce-clang/x86_64/lib/clang/20/include"
#include "..." search starts here:
#include <...> search starts here:
 /opt/cray/pe/mpich/9.0.1/ofi/cray/20.0/include
 /opt/cray/pe/libsci/25.09.0/CRAY/20.0/x86_64/include
 /opt/cray/pe/cce/20.0.0/cce-clang/x86_64/lib/clang/20/include
 /opt/cray/pe/cce/20.0.0/cce/x86_64/include/craylibs
 /usr/local/include
 /usr/include
End of search list.
Linking C executable cmTC_f20cb
/usr/tce/backend/installations/linux-rhel8-x86_64/gcc-8.3.1/cmake-3.24.2-ywx52e32uh6gkxzuyubpwkulzgdvxyh6/bin/cmake -E cmake_link_script CMakeFiles/cmTC_f20cb.dir/link.txt --verbose=1
/opt/cray/pe/craype/2.7.35/bin/cc  -v CMakeFiles/cmTC_f20cb.dir/CMakeCCompilerABI.c.o -o cmTC_f20cb 
Cray clang version 20.0.0  (95f64a80f3ee7b4a305f3014c51d36f78b24d91e)
Target: x86_64-unknown-linux-gnu
Thread model: posix
InstalledDir: /opt/cray/pe/cce/20.0.0/cce-clang/x86_64/bin
Build config: +assertions
Configuration file: /opt/cray/pe/cce/20.0.0/cce-clang/x86_64/bin/clang.cfg
Found candidate GCC installation: /opt/rh/gcc-toolset-13/root/usr/lib/gcc/x86_64-redhat-linux/13
Selected GCC installation: /opt/rh/gcc-toolset-13/root/usr/lib/gcc/x86_64-redhat-linux/13
Candidate multilib: .;@m64
Candidate multilib: 32;@m32
Selected multilib: .;@m64
Found HIP installation: /opt/rocm-7.2.1, version 7.2.53211
 "/opt/cray/pe/cce/20.0.0/cce-clang/x86_64/bin/ld.lld" --hash-style=gnu --eh-frame-hdr -m elf_x86_64 -dynamic-linker /lib64/ld-linux-x86-64.so.2 -o cmTC_f20cb /lib/../lib64/crt1.o /lib/../lib64/crti.o /opt/cray/pe/cce/20.0.0/cce-clang/x86_64/lib/clang/20/lib/linux/clang_rt.crtbegin-x86_64.o /opt/rh/gcc-toolset-13/root/usr/lib/gcc/x86_64-redhat-linux/13/crtfastmath.o -L/opt/cray/pe/mpich/9.0.1/ofi/cray/20.0/lib -L/opt/cray/pe/libsci/25.09.0/CRAY/20.0/x86_64/lib -L/opt/cray/pe/cce/20.0.0/cce/x86_64/lib/pkgconfig/../ -L/opt/rh/gcc-toolset-13/root/usr/lib/gcc/x86_64-redhat-linux/13 -L/opt/rh/gcc-toolset-13/root/usr/lib/gcc/x86_64-redhat-linux/13/../../../../lib64 -L/lib/../lib64 -L/usr/lib/../lib64 -L/lib -L/usr/lib -plugin-opt=mcpu=znver3 -plugin-opt=lto=0 -plugin-opt=defaults=cray -plugin-opt=mllvm=-cray-math-precision=none -rpath=/opt/cray/pe/cce/20.0.0/cce/x86_64/lib CMakeFiles/cmTC_f20cb.dir/CMakeCCompilerABI.c.o --as-needed -lsci_cray_mpi --no-as-needed --as-needed -lmpi_cray --no-as-needed --as-needed -lsci_cray --no-as-needed -ldl -lxpmem -lstdc++ --as-needed -lpgas-shmem --no-as-needed -lfi -lquadmath -lmodules -lfi -lcraymath -lf -lu -lcsup --as-needed -lpthread -latomic --no-as-needed --as-needed -lm --no-as-needed --disable-new-dtags /opt/cray/pe/cce/20.0.0/cce/x86_64/lib/no_mmap.o /opt/cray/pe/cce/20.0.0/cce-clang/x86_64/lib/clang/20/lib/linux/libclang_rt.builtins-x86_64.a --as-needed -L/opt/cray/pe/cce/20.0.0/cce-clang/x86_64/lib -rpath=/opt/cray/pe/cce/20.0.0/cce-clang/x86_64/lib /opt/cray/pe/cce/20.0.0/cce-clang/x86_64/lib/libunwind.so -lunwind --no-as-needed -lc /opt/cray/pe/cce/20.0.0/cce-clang/x86_64/lib/clang/20/lib/linux/libclang_rt.builtins-x86_64.a --as-needed -L/opt/cray/pe/cce/20.0.0/cce-clang/x86_64/lib -rpath=/opt/cray/pe/cce/20.0.0/cce-clang/x86_64/lib /opt/cray/pe/cce/20.0.0/cce-clang/x86_64/lib/libunwind.so -lunwind --no-as-needed /opt/cray/pe/cce/20.0.0/cce-clang/x86_64/lib/clang/20/lib/linux/clang_rt.crtend-x86_64.o /lib/../lib64/crtn.o
gmake[1]: Leaving directory '/usr/WS2/haridev/dftracer-project/brahma/build_verify/CMakeFiles/CMakeTmp'



Parsed C implicit include dir info from above output: rv=done
  found start of include info
  found start of implicit include info
    add: [/opt/cray/pe/mpich/9.0.1/ofi/cray/20.0/include]
    add: [/opt/cray/pe/libsci/25.09.0/CRAY/20.0/x86_64/include]
    add: [/opt/cray/pe/cce/20.0.0/cce-clang/x86_64/lib/clang/20/include]
    add: [/opt/cray/pe/cce/20.0.0/cce/x86_64/include/craylibs]
    add: [/usr/local/include]
    add: [/usr/include]
  end of search list found
  collapse include dir [/opt/cray/pe/mpich/9.0.1/ofi/cray/20.0/include] ==> [/opt/cray/pe/mpich/9.0.1/ofi/cray/20.0/include]
  collapse include dir [/opt/cray/pe/libsci/25.09.0/CRAY/20.0/x86_64/include] ==> [/opt/cray/pe/libsci/25.09.0/CRAY/20.0/x86_64/include]
  collapse include dir [/opt/cray/pe/cce/20.0.0/cce-clang/x86_64/lib/clang/20/include] ==> [/opt/cray/pe/cce/20.0.0/cce-clang/x86_64/lib/clang/20/include]
  collapse include dir [/opt/cray/pe/cce/20.0.0/cce/x86_64/include/craylibs] ==> [/opt/cray/pe/cce/20.0.0/cce/x86_64/include/craylibs]
  collapse include dir [/usr/local/include] ==> [/usr/local/include]
  collapse include dir [/usr/include] ==> [/usr/include]
  implicit include dirs: [/opt/cray/pe/mpich/9.0.1/ofi/cray/20.0/include;/opt/cray/pe/libsci/25.09.0/CRAY/20.0/x86_64/include;/opt/cray/pe/cce/20.0.0/cce-clang/x86_64/lib/clang/20/include;/opt/cray/pe/cce/20.0.0/cce/x86_64/include/craylibs;/usr/local/include;/usr/include]


Parsed C implicit link information from above output:
  link line regex: [^( *|.*[/\])(ld\.lld|CMAKE_LINK_STARTFILE-NOTFOUND|([^/\]+-)?ld|collect2)[^/\]*( |$)]
  ignore line: [Change Dir: /usr/workspace/haridev/dftracer-project/brahma/build_verify/CMakeFiles/CMakeTmp]
  ignore line: []
  ignore line: [Run Build Command(s):/usr/bin/gmake -f Makefile cmTC_f20cb/fast && /usr/bin/gmake  -f CMakeFiles/cmTC_f20cb.dir/build.make CMakeFiles/cmTC_f20cb.dir/build]
  ignore line: [gmake[1]: Entering directory '/usr/WS2/haridev/dftracer-project/brahma/build_verify/CMakeFiles/CMakeTmp']
  ignore line: [Building C object CMakeFiles/cmTC_f20cb.dir/CMakeCCompilerABI.c.o]
  ignore line: [/opt/cray/pe/craype/2.7.35/bin/cc   -v -MD -MT CMakeFiles/cmTC_f20cb.dir/CMakeCCompilerABI.c.o -MF CMakeFiles/cmTC_f20cb.dir/CMakeCCompilerABI.c.o.d -o CMakeFiles/cmTC_f20cb.dir/CMakeCCompilerABI.c.o -c /usr/tce/backend/installations/linux-rhel8-x86_64/gcc-8.3.1/cmake-3.24.2-ywx52e32uh6gkxzuyubpwkulzgdvxyh6/share/cmake-3.24/Modules/CMakeCCompilerABI.c]
  ignore line: [Cray clang version 20.0.0  (95f64a80f3ee7b4a305f3014c51d36f78b24d91e)]
  ignore line: [Target: x86_64-unknown-linux-gnu]
  ignore line: [Thread model: posix]
  ignore line: [InstalledDir: /opt/cray/pe/cce/20.0.0/cce-clang/x86_64/bin]
  ignore line: [Build config: +assertions]
  ignore line: [Configuration file: /opt/cray/pe/cce/20.0.0/cce-clang/x86_64/bin/clang.cfg]
  ignore line: [Found candidate GCC installation: /opt/rh/gcc-toolset-13/root/usr/lib/gcc/x86_64-redhat-linux/13]
  ignore line: [Selected GCC installation: /opt/rh/gcc-toolset-13/root/usr/lib/gcc/x86_64-redhat-linux/13]
  ignore line: [Candidate multilib: .]
  ignore line: [@m64]
  ignore line: [Candidate multilib: 32]
  ignore line: [@m32]
  ignore line: [Selected multilib: .]
  ignore line: [@m64]
  ignore line: [Found HIP installation: /opt/rocm-7.2.1  version 7.2.53211]
  ignore line: [ (in-process)]
  ignore line: [ "/opt/cray/pe/cce/20.0.0/cce-clang/x86_64/bin/clang-20" -cc1 -triple x86_64-unknown-linux-gnu -mllvm -cray-omp-opt-fork-call -mllvm -cray-omp-parallel-opt-call -mllvm -cray-openmp-rename-outlined -fcray-gpu -flocal-restrict -mllvm -cray-enhanced-asm=1 -fenhanced-asm=1 -mllvm -cray-enhanced-ir=1 -fenhanced-ir=1 -fomp-local-offload-table -ffortran -emit-obj -disable-free -clear-ast-before-backend -main-file-name CMakeCCompilerABI.c -mrelocation-model static -mframe-pointer=all -fmath-errno -ffp-contract=on -fno-rounding-math -mconstructor-aliases -funwind-tables=2 -target-cpu znver3 -debugger-tuning=gdb -fdebug-compilation-dir=/usr/WS2/haridev/dftracer-project/brahma/build_verify/CMakeFiles/CMakeTmp -v -fcoverage-compilation-dir=/usr/WS2/haridev/dftracer-project/brahma/build_verify/CMakeFiles/CMakeTmp -resource-dir /opt/cray/pe/cce/20.0.0/cce-clang/x86_64/lib/clang/20 -dependency-file CMakeFiles/cmTC_f20cb.dir/CMakeCCompilerABI.c.o.d -MT CMakeFiles/cmTC_f20cb.dir/CMakeCCompilerABI.c.o -sys-header-deps -isystem /opt/cray/pe/cce/20.0.0/cce-clang/x86_64/lib/clang/20/include -isystem /opt/cray/pe/cce/20.0.0/cce/x86_64/include/craylibs -D __CRAY_X86_TRENTO -D __CRAY_NONE -D __CRAYXT_COMPUTE_LINUX_TARGET -I /opt/cray/pe/mpich/9.0.1/ofi/cray/20.0/include -I /opt/cray/pe/libsci/25.09.0/CRAY/20.0/x86_64/include -internal-isystem /opt/cray/pe/cce/20.0.0/cce-clang/x86_64/lib/clang/20/include -internal-isystem /usr/local/include -internal-isystem /opt/rh/gcc-toolset-13/root/usr/lib/gcc/x86_64-redhat-linux/13/../../../../x86_64-redhat-linux/include -internal-externc-isystem /include -internal-externc-isystem /usr/include -ferror-limit 19 -fgnuc-version=4.2.1 -fskip-odr-check-in-gmf -faddrsig -D__GCC_HAVE_DWARF2_CFI_ASM=1 -o CMakeFiles/cmTC_f20cb.dir/CMakeCCompilerABI.c.o -x c /usr/tce/backend/installations/linux-rhel8-x86_64/gcc-8.3.1/cmake-3.24.2-ywx52e32uh6gkxzuyubpwkulzgdvxyh6/share/cmake-3.24/Modules/CMakeCCompilerABI.c]
  ignore line: [clang -cc1 version 20.1.6 based upon LLVM 20.1.6 default target x86_64-unknown-linux-gnu]
  ignore line: [ignoring nonexistent directory "/opt/rh/gcc-toolset-13/root/usr/lib/gcc/x86_64-redhat-linux/13/../../../../x86_64-redhat-linux/include"]
  ignore line: [ignoring nonexistent directory "/include"]
  ignore line: [ignoring duplicate directory "/opt/cray/pe/cce/20.0.0/cce-clang/x86_64/lib/clang/20/include"]
  ignore line: [#include "..." search starts here:]
  ignore line: [#include <...> search starts here:]
  ignore line: [ /opt/cray/pe/mpich/9.0.1/ofi/cray/20.0/include]
  ignore line: [ /opt/cray/pe/libsci/25.09.0/CRAY/20.0/x86_64/include]
  ignore line: [ /opt/cray/pe/cce/20.0.0/cce-clang/x86_64/lib/clang/20/include]
  ignore line: [ /opt/cray/pe/cce/20.0.0/cce/x86_64/include/craylibs]
  ignore line: [ /usr/local/include]
  ignore line: [ /usr/include]
  ignore line: [End of search list.]
  ignore line: [Linking C executable cmTC_f20cb]
  ignore line: [/usr/tce/backend/installations/linux-rhel8-x86_64/gcc-8.3.1/cmake-3.24.2-ywx52e32uh6gkxzuyubpwkulzgdvxyh6/bin/cmake -E cmake_link_script CMakeFiles/cmTC_f20cb.dir/link.txt --verbose=1]
  ignore line: [/opt/cray/pe/craype/2.7.35/bin/cc  -v CMakeFiles/cmTC_f20cb.dir/CMakeCCompilerABI.c.o -o cmTC_f20cb ]
  ignore line: [Cray clang version 20.0.0  (95f64a80f3ee7b4a305f3014c51d36f78b24d91e)]
  ignore line: [Target: x86_64-unknown-linux-gnu]
  ignore line: [Thread model: posix]
  ignore line: [InstalledDir: /opt/cray/pe/cce/20.0.0/cce-clang/x86_64/bin]
  ignore line: [Build config: +assertions]
  ignore line: [Configuration file: /opt/cray/pe/cce/20.0.0/cce-clang/x86_64/bin/clang.cfg]
  ignore line: [Found candidate GCC installation: /opt/rh/gcc-toolset-13/root/usr/lib/gcc/x86_64-redhat-linux/13]
  ignore line: [Selected GCC installation: /opt/rh/gcc-toolset-13/root/usr/lib/gcc/x86_64-redhat-linux/13]
  ignore line: [Candidate multilib: .]
  ignore line: [@m64]
  ignore line: [Candidate multilib: 32]
  ignore line: [@m32]
  ignore line: [Selected multilib: .]
  ignore line: [@m64]
  ignore line: [Found HIP installation: /opt/rocm-7.2.1  version 7.2.53211]
  link line: [ "/opt/cray/pe/cce/20.0.0/cce-clang/x86_64/bin/ld.lld" --hash-style=gnu --eh-frame-hdr -m elf_x86_64 -dynamic-linker /lib64/ld-linux-x86-64.so.2 -o cmTC_f20cb /lib/../lib64/crt1.o /lib/../lib64/crti.o /opt/cray/pe/cce/20.0.0/cce-clang/x86_64/lib/clang/20/lib/linux/clang_rt.crtbegin-x86_64.o /opt/rh/gcc-toolset-13/root/usr/lib/gcc/x86_64-redhat-linux/13/crtfastmath.o -L/opt/cray/pe/mpich/9.0.1/ofi/cray/20.0/lib -L/opt/cray/pe/libsci/25.09.0/CRAY/20.0/x86_64/lib -L/opt/cray/pe/cce/20.0.0/cce/x86_64/lib/pkgconfig/../ -L/opt/rh/gcc-toolset-13/root/usr/lib/gcc/x86_64-redhat-linux/13 -L/opt/rh/gcc-toolset-13/root/usr/lib/gcc/x86_64-redhat-linux/13/../../../../lib64 -L/lib/../lib64 -L/usr/lib/../lib64 -L/lib -L/usr/lib -plugin-opt=mcpu=znver3 -plugin-opt=lto=0 -plugin-opt=defaults=cray -plugin-opt=mllvm=-cray-math-precision=none -rpath=/opt/cray/pe/cce/20.0.0/cce/x86_64/lib CMakeFiles/cmTC_f20cb.dir/CMakeCCompilerABI.c.o --as-needed -lsci_cray_mpi --no-as-needed --as-needed -lmpi_cray --no-as-needed --as-needed -lsci_cray --no-as-needed -ldl -lxpmem -lstdc++ --as-needed -lpgas-shmem --no-as-needed -lfi -lquadmath -lmodules -lfi -lcraymath -lf -lu -lcsup --as-needed -lpthread -latomic --no-as-needed --as-needed -lm --no-as-needed --disable-new-dtags /opt/cray/pe/cce/20.0.0/cce/x86_64/lib/no_mmap.o /opt/cray/pe/cce/20.0.0/cce-clang/x86_64/lib/clang/20/lib/linux/libclang_rt.builtins-x86_64.a --as-needed -L/opt/cray/pe/cce/20.0.0/cce-clang/x86_64/lib -rpath=/opt/cray/pe/cce/20.0.0/cce-clang/x86_64/lib /opt/cray/pe/cce/20.0.0/cce-clang/x86_64/lib/libunwind.so -lunwind --no-as-needed -lc /opt/cray/pe/cce/20.0.0/cce-clang/x86_64/lib/clang/20/lib/linux/libclang_rt.builtins-x86_64.a --as-needed -L/opt/cray/pe/cce/20.0.0/cce-clang/x86_64/lib -rpath=/opt/cray/pe/cce/20.0.0/cce-clang/x86_64/lib /opt/cray/pe/cce/20.0.0/cce-clang/x86_64/lib/libunwind.so -lunwind --no-as-needed /opt/cray/pe/cce/20.0.0/cce-clang/x86_64/lib/clang/20/lib/linux/clang_rt.crtend-x86_64.o /lib/../lib64/crtn.o]
    arg [/opt/cray/pe/cce/20.0.0/cce-clang/x86_64/bin/ld.lld] ==> ignore
    arg [--hash-style=gnu] ==> ignore
    arg [--eh-frame-hdr] ==> ignore
    arg [-m] ==> ignore
    arg [elf_x86_64] ==> ignore
    arg [-dynamic-linker] ==> ignore
    arg [/lib64/ld-linux-x86-64.so.2] ==> ignore
    arg [-o] ==> ignore
    arg [cmTC_f20cb] ==> ignore
    arg [/lib/../lib64/crt1.o] ==> obj [/lib/../lib64/crt1.o]
    arg [/lib/../lib64/crti.o] ==> obj [/lib/../lib64/crti.o]
    arg [/opt/cray/pe/cce/20.0.0/cce-clang/x86_64/lib/clang/20/lib/linux/clang_rt.crtbegin-x86_64.o] ==> obj [/opt/cray/pe/cce/20.0.0/cce-clang/x86_64/lib/clang/20/lib/linux/clang_rt.crtbegin-x86_64.o]
    arg [/opt/rh/gcc-toolset-13/root/usr/lib/gcc/x86_64-redhat-linux/13/crtfastmath.o] ==> obj [/opt/rh/gcc-toolset-13/root/usr/lib/gcc/x86_64-redhat-linux/13/crtfastmath.o]
    arg [-L/opt/cray/pe/mpich/9.0.1/ofi/cray/20.0/lib] ==> dir [/opt/cray/pe/mpich/9.0.1/ofi/cray/20.0/lib]
    arg [-L/opt/cray/pe/libsci/25.09.0/CRAY/20.0/x86_64/lib] ==> dir [/opt/cray/pe/libsci/25.09.0/CRAY/20.0/x86_64/lib]
    arg [-L/opt/cray/pe/cce/20.0.0/cce/x86_64/lib/pkgconfig/../] ==> dir [/opt/cray/pe/cce/20.0.0/cce/x86_64/lib/pkgconfig/../]
    arg [-L/opt/rh/gcc-toolset-13/root/usr/lib/gcc/x86_64-redhat-linux/13] ==> dir [/opt/rh/gcc-toolset-13/root/usr/lib/gcc/x86_64-redhat-linux/13]
    arg [-L/opt/rh/gcc-toolset-13/root/usr/lib/gcc/x86_64-redhat-linux/13/../../../../lib64] ==> dir [/opt/rh/gcc-toolset-13/root/usr/lib/gcc/x86_64-redhat-linux/13/../../../../lib64]
    arg [-L/lib/../lib64] ==> dir [/lib/../lib64]
    arg [-L/usr/lib/../lib64] ==> dir [/usr/lib/../lib64]
    arg [-L/lib] ==> dir [/lib]
    arg [-L/usr/lib] ==> dir [/usr/lib]
    arg [-plugin-opt=mcpu=znver3] ==> ignore
    arg [-plugin-opt=lto=0] ==> ignore
    arg [-plugin-opt=defaults=cray] ==> ignore
    arg [-plugin-opt=mllvm=-cray-math-precision=none] ==> ignore
    arg [-rpath=/opt/cray/pe/cce/20.0.0/cce/x86_64/lib] ==> ignore
    arg [CMakeFiles/cmTC_f20cb.dir/CMakeCCompilerABI.c.o] ==> ignore
    arg [--as-needed] ==> ignore
    arg [-lsci_cray_mpi] ==> lib [sci_cray_mpi]
    arg [--no-as-needed] ==> ignore
    arg [--as-needed] ==> ignore
    arg [-lmpi_cray] ==> lib [mpi_cray]
    arg [--no-as-needed] ==> ignore
    arg [--as-needed] ==> ignore
    arg [-lsci_cray] ==> lib [sci_cray]
    arg [--no-as-needed] ==> ignore
    arg [-ldl] ==> lib [dl]
    arg [-lxpmem] ==> lib [xpmem]
    arg [-lstdc++] ==> lib [stdc++]
    arg [--as-needed] ==> ignore
    arg [-lpgas-shmem] ==> lib [pgas-shmem]
    arg [--no-as-needed] ==> ignore
    arg [-lfi] ==> lib [fi]
    arg [-lquadmath] ==> lib [quadmath]
    arg [-lmodules] ==> lib [modules]
    arg [-lfi] ==> lib [fi]
    arg [-lcraymath] ==> lib [craymath]
    arg [-lf] ==> lib [f]
    arg [-lu] ==> lib [u]
    arg [-lcsup] ==> lib [csup]
    arg [--as-needed] ==> ignore
    arg [-lpthread] ==> lib [pthread]
    arg [-latomic] ==> lib [atomic]
    arg [--no-as-needed] ==> ignore
    arg [--as-needed] ==> ignore
    arg [-lm] ==> lib [m]
    arg [--no-as-needed] ==> ignore
    arg [--disable-new-dtags] ==> ignore
    arg [/opt/cray/pe/cce/20.0.0/cce/x86_64/lib/no_mmap.o] ==> obj [/opt/cray/pe/cce/20.0.0/cce/x86_64/lib/no_mmap.o]
    arg [/opt/cray/pe/cce/20.0.0/cce-clang/x86_64/lib/clang/20/lib/linux/libclang_rt.builtins-x86_64.a] ==> lib [/opt/cray/pe/cce/20.0.0/cce-clang/x86_64/lib/clang/20/lib/linux/libclang_rt.builtins-x86_64.a]
    arg [--as-needed] ==> ignore
    arg [-L/opt/cray/pe/cce/20.0.0/cce-clang/x86_64/lib] ==> dir [/opt/cray/pe/cce/20.0.0/cce-clang/x86_64/lib]
    arg [-rpath=/opt/cray/pe/cce/20.0.0/cce-clang/x86_64/lib] ==> ignore
    arg [/opt/cray/pe/cce/20.0.0/cce-clang/x86_64/lib/libunwind.so] ==> ignore
    arg [-lunwind] ==> lib [unwind]
    arg [--no-as-needed] ==> ignore
    arg [-lc] ==> lib [c]
    arg [/opt/cray/pe/cce/20.0.0/cce-clang/x86_64/lib/clang/20/lib/linux/libclang_rt.builtins-x86_64.a] ==> lib [/opt/cray/pe/cce/20.0.0/cce-clang/x86_64/lib/clang/20/lib/linux/libclang_rt.builtins-x86_64.a]
    arg [--as-needed] ==> ignore
    arg [-L/opt/cray/pe/cce/20.0.0/cce-clang/x86_64/lib] ==> dir [/opt/cray/pe/cce/20.0.0/cce-clang/x86_64/lib]
    arg [-rpath=/opt/cray/pe/cce/20.0.0/cce-clang/x86_64/lib] ==> ignore
    arg [/opt/cray/pe/cce/20.0.0/cce-clang/x86_64/lib/libunwind.so] ==> ignore
    arg [-lunwind] ==> lib [unwind]
    arg [--no-as-needed] ==> ignore
    arg [/opt/cray/pe/cce/20.0.0/cce-clang/x86_64/lib/clang/20/lib/linux/clang_rt.crtend-x86_64.o] ==> obj [/opt/cray/pe/cce/20.0.0/cce-clang/x86_64/lib/clang/20/lib/linux/clang_rt.crtend-x86_64.o]
    arg [/lib/../lib64/crtn.o] ==> obj [/lib/../lib64/crtn.o]
  remove lib [/opt/cray/pe/cce/20.0.0/cce-clang/x86_64/lib/clang/20/lib/linux/libclang_rt.builtins-x86_64.a]
  remove lib [/opt/cray/pe/cce/20.0.0/cce-clang/x86_64/lib/clang/20/lib/linux/libclang_rt.builtins-x86_64.a]
  collapse obj [/lib/../lib64/crt1.o] ==> [/lib64/crt1.o]
  collapse obj [/lib/../lib64/crti.o] ==> [/lib64/crti.o]
  collapse obj [/lib/../lib64/crtn.o] ==> [/lib64/crtn.o]
  collapse library dir [/opt/cray/pe/mpich/9.0.1/ofi/cray/20.0/lib] ==> [/opt/cray/pe/mpich/9.0.1/ofi/cray/20.0/lib]
  collapse library dir [/opt/cray/pe/libsci/25.09.0/CRAY/20.0/x86_64/lib] ==> [/opt/cray/pe/libsci/25.09.0/CRAY/20.0/x86_64/lib]
  collapse library dir [/opt/cray/pe/cce/20.0.0/cce/x86_64/lib/pkgconfig/../] ==> [/opt/cray/pe/cce/20.0.0/cce/x86_64/lib]
  collapse library dir [/opt/rh/gcc-toolset-13/root/usr/lib/gcc/x86_64-redhat-linux/13] ==> [/opt/rh/gcc-toolset-13/root/usr/lib/gcc/x86_64-redhat-linux/13]
  collapse library dir [/opt/rh/gcc-toolset-13/root/usr/lib/gcc/x86_64-redhat-linux/13/../../../../lib64] ==> [/opt/rh/gcc-toolset-13/root/usr/lib64]
  collapse library dir [/lib/../lib64] ==> [/lib64]
  collapse library dir [/usr/lib/../lib64] ==> [/usr/lib64]
  collapse library dir [/lib] ==> [/lib]
  collapse library dir [/usr/lib] ==> [/usr/lib]
  collapse library dir [/opt/cray/pe/cce/20.0.0/cce-clang/x86_64/lib] ==> [/opt/cray/pe/cce/20.0.0/cce-clang/x86_64/lib]
  collapse library dir [/opt/cray/pe/cce/20.0.0/cce-clang/x86_64/lib] ==> [/opt/cray/pe/cce/20.0.0/cce-clang/x86_64/lib]
  implicit libs: [sci_cray_mpi;mpi_cray;sci_cray;dl;xpmem;stdc++;pgas-shmem;fi;quadmath;modules;fi;craymath;f;u;csup;pthread;atomic;m;unwind;c;unwind]
  implicit objs: [/lib64/crt1.o;/lib64/crti.o;/opt/cray/pe/cce/20.0.0/cce-clang/x86_64/lib/clang/20/lib/linux/clang_rt.crtbegin-x86_64.o;/opt/rh/gcc-toolset-13/root/usr/lib/gcc/x86_64-redhat-linux/13/crtfastmath.o;/opt/cray/pe/cce/20.0.0/cce/x86_64/lib/no_mmap.o;/opt/cray/pe/cce/20.0.0/cce-clang/x86_64/lib/clang/20/lib/linux/clang_rt.crtend-x86_64.o;/lib64/crtn.o]
  implicit dirs: [/opt/cray/pe/mpich/9.0.1/ofi/cray/20.0/lib;/opt/cray/pe/libsci/25.09.0/CRAY/20.0/x86_64/lib;/opt/cray/pe/cce/20.0.0/cce/x86_64/lib;/opt/rh/gcc-toolset-13/root/usr/lib/gcc/x86_64-redhat-linux/13;/opt/rh/gcc-toolset-13/root/usr/lib64;/lib64;/usr/lib64;/lib;/usr/lib;/opt/cray/pe/cce/20.0.0/cce-clang/x86_64/lib]
  implicit fwks: []


Detecting CXX compiler ABI info compiled with the following output:
Change Dir: /usr/workspace/haridev/dftracer-project/brahma/build_verify/CMakeFiles/CMakeTmp

Run Build Command(s):/usr/bin/gmake -f Makefile cmTC_aa07f/fast && /usr/bin/gmake  -f CMakeFiles/cmTC_aa07f.dir/build.make CMakeFiles/cmTC_aa07f.dir/build
gmake[1]: Entering directory '/usr/WS2/haridev/dftracer-project/brahma/build_verify/CMakeFiles/CMakeTmp'
Building CXX object CMakeFiles/cmTC_aa07f.dir/CMakeCXXCompilerABI.cpp.o
/opt/cray/pe/craype/2.7.35/bin/CC   -v -MD -MT CMakeFiles/cmTC_aa07f.dir/CMakeCXXCompilerABI.cpp.o -MF CMakeFiles/cmTC_aa07f.dir/CMakeCXXCompilerABI.cpp.o.d -o CMakeFiles/cmTC_aa07f.dir/CMakeCXXCompilerABI.cpp.o -c /usr/tce/backend/installations/linux-rhel8-x86_64/gcc-8.3.1/cmake-3.24.2-ywx52e32uh6gkxzuyubpwkulzgdvxyh6/share/cmake-3.24/Modules/CMakeCXXCompilerABI.cpp
Cray clang version 20.0.0  (95f64a80f3ee7b4a305f3014c51d36f78b24d91e)
Target: x86_64-unknown-linux-gnu
Thread model: posix
InstalledDir: /opt/cray/pe/cce/20.0.0/cce-clang/x86_64/bin
Build config: +assertions
Configuration file: /opt/cray/pe/cce/20.0.0/cce-clang/x86_64/bin/clang++.cfg
Found candidate GCC installation: /opt/rh/gcc-toolset-13/root/usr/lib/gcc/x86_64-redhat-linux/13
Selected GCC installation: /opt/rh/gcc-toolset-13/root/usr/lib/gcc/x86_64-redhat-linux/13
Candidate multilib: .;@m64
Candidate multilib: 32;@m32
Selected multilib: .;@m64
Found HIP installation: /opt/rocm-7.2.1, version 7.2.53211
 (in-process)
 "/opt/cray/pe/cce/20.0.0/cce-clang/x86_64/bin/clang-20" -cc1 -triple x86_64-unknown-linux-gnu -mllvm -cray-omp-opt-fork-call -mllvm -cray-omp-parallel-opt-call -mllvm -cray-openmp-rename-outlined -fcray-gpu -flocal-restrict -mllvm -cray-enhanced-asm=1 -fenhanced-asm=1 -mllvm -cray-enhanced-ir=1 -fenhanced-ir=1 -fomp-local-offload-table -ffortran -emit-obj -disable-free -clear-ast-before-backend -main-file-name CMakeCXXCompilerABI.cpp -mrelocation-model static -mframe-pointer=all -fmath-errno -ffp-contract=on -fno-rounding-math -mconstructor-aliases -funwind-tables=2 -target-cpu znver3 -debugger-tuning=gdb -fdebug-compilation-dir=/usr/WS2/haridev/dftracer-project/brahma/build_verify/CMakeFiles/CMakeTmp -v -fcoverage-compilation-dir=/usr/WS2/haridev/dftracer-project/brahma/build_verify/CMakeFiles/CMakeTmp -resource-dir /opt/cray/pe/cce/20.0.0/cce-clang/x86_64/lib/clang/20 -dependency-file CMakeFiles/cmTC_aa07f.dir/CMakeCXXCompilerABI.cpp.o.d -MT CMakeFiles/cmTC_aa07f.dir/CMakeCXXCompilerABI.cpp.o -sys-header-deps -isystem /opt/cray/pe/cce/20.0.0/cce-clang/x86_64/lib/clang/20/include -isystem /opt/cray/pe/cce/20.0.0/cce/x86_64/include/craylibs -D __CRAY_X86_TRENTO -D __CRAY_NONE -D __CRAYXT_COMPUTE_LINUX_TARGET -I /opt/cray/pe/mpich/9.0.1/ofi/cray/20.0/include -I /opt/cray/pe/libsci/25.09.0/CRAY/20.0/x86_64/include -internal-isystem /opt/rh/gcc-toolset-13/root/usr/lib/gcc/x86_64-redhat-linux/13/../../../../include/c++/13 -internal-isystem /opt/rh/gcc-toolset-13/root/usr/lib/gcc/x86_64-redhat-linux/13/../../../../include/c++/13/x86_64-redhat-linux -internal-isystem /opt/rh/gcc-toolset-13/root/usr/lib/gcc/x86_64-redhat-linux/13/../../../../include/c++/13/backward -internal-isystem /opt/cray/pe/cce/20.0.0/cce-clang/x86_64/lib/clang/20/include -internal-isystem /usr/local/include -internal-isystem /opt/rh/gcc-toolset-13/root/usr/lib/gcc/x86_64-redhat-linux/13/../../../../x86_64-redhat-linux/include -internal-externc-isystem /include -internal-externc-isystem /usr/include -fdeprecated-macro -ferror-limit 19 -fgnuc-version=4.2.1 -fskip-odr-check-in-gmf -fcxx-exceptions -fexceptions -faddrsig -D__GCC_HAVE_DWARF2_CFI_ASM=1 -o CMakeFiles/cmTC_aa07f.dir/CMakeCXXCompilerABI.cpp.o -x c++ /usr/tce/backend/installations/linux-rhel8-x86_64/gcc-8.3.1/cmake-3.24.2-ywx52e32uh6gkxzuyubpwkulzgdvxyh6/share/cmake-3.24/Modules/CMakeCXXCompilerABI.cpp
clang -cc1 version 20.1.6 based upon LLVM 20.1.6 default target x86_64-unknown-linux-gnu
ignoring nonexistent directory "/opt/rh/gcc-toolset-13/root/usr/lib/gcc/x86_64-redhat-linux/13/../../../../x86_64-redhat-linux/include"
ignoring nonexistent directory "/include"
ignoring duplicate directory "/opt/cray/pe/cce/20.0.0/cce-clang/x86_64/lib/clang/20/include"
#include "..." search starts here:
#include <...> search starts here:
 /opt/cray/pe/mpich/9.0.1/ofi/cray/20.0/include
 /opt/cray/pe/libsci/25.09.0/CRAY/20.0/x86_64/include
 /opt/cray/pe/cce/20.0.0/cce-clang/x86_64/lib/clang/20/include
 /opt/cray/pe/cce/20.0.0/cce/x86_64/include/craylibs
 /opt/rh/gcc-toolset-13/root/usr/lib/gcc/x86_64-redhat-linux/13/../../../../include/c++/13
 /opt/rh/gcc-toolset-13/root/usr/lib/gcc/x86_64-redhat-linux/13/../../../../include/c++/13/x86_64-redhat-linux
 /opt/rh/gcc-toolset-13/root/usr/lib/gcc/x86_64-redhat-linux/13/../../../../include/c++/13/backward
 /usr/local/include
 /usr/include
End of search list.
Linking CXX executable cmTC_aa07f
/usr/tce/backend/installations/linux-rhel8-x86_64/gcc-8.3.1/cmake-3.24.2-ywx52e32uh6gkxzuyubpwkulzgdvxyh6/bin/cmake -E cmake_link_script CMakeFiles/cmTC_aa07f.dir/link.txt --verbose=1
/opt/cray/pe/craype/2.7.35/bin/CC  -v CMakeFiles/cmTC_aa07f.dir/CMakeCXXCompilerABI.cpp.o -o cmTC_aa07f 
Cray clang version 20.0.0  (95f64a80f3ee7b4a305f3014c51d36f78b24d91e)
Target: x86_64-unknown-linux-gnu
Thread model: posix
InstalledDir: /opt/cray/pe/cce/20.0.0/cce-clang/x86_64/bin
Build config: +assertions
Configuration file: /opt/cray/pe/cce/20.0.0/cce-clang/x86_64/bin/clang++.cfg
Found candidate GCC installation: /opt/rh/gcc-toolset-13/root/usr/lib/gcc/x86_64-redhat-linux/13
Selected GCC installation: /opt/rh/gcc-toolset-13/root/usr/lib/gcc/x86_64-redhat-linux/13
Candidate multilib: .;@m64
Candidate multilib: 32;@m32
Selected multilib: .;@m64
Found HIP installation: /opt/rocm-7.2.1, version 7.2.53211
 "/opt/cray/pe/cce/20.0.0/cce-clang/x86_64/bin/ld.lld" --hash-style=gnu --eh-frame-hdr -m elf_x86_64 -dynamic-linker /lib64/ld-linux-x86-64.so.2 -o cmTC_aa07f /lib/../lib64/crt1.o /lib/../lib64/crti.o /opt/cray/pe/cce/20.0.0/cce-clang/x86_64/lib/clang/20/lib/linux/clang_rt.crtbegin-x86_64.o /opt/rh/gcc-toolset-13/root/usr/lib/gcc/x86_64-redhat-linux/13/crtfastmath.o -L/opt/cray/pe/mpich/9.0.1/ofi/cray/20.0/lib -L/opt/cray/pe/libsci/25.09.0/CRAY/20.0/x86_64/lib -L/opt/cray/pe/cce/20.0.0/cce/x86_64/lib/pkgconfig/../ -L/opt/rh/gcc-toolset-13/root/usr/lib/gcc/x86_64-redhat-linux/13 -L/opt/rh/gcc-toolset-13/root/usr/lib/gcc/x86_64-redhat-linux/13/../../../../lib64 -L/lib/../lib64 -L/usr/lib/../lib64 -L/lib -L/usr/lib -plugin-opt=mcpu=znver3 -plugin-opt=lto=0 -plugin-opt=defaults=cray -plugin-opt=mllvm=-cray-math-precision=none -rpath=/opt/cray/pe/cce/20.0.0/cce/x86_64/lib CMakeFiles/cmTC_aa07f.dir/CMakeCXXCompilerABI.cpp.o --as-needed -lsci_cray_mpi --no-as-needed --as-needed -lmpi_cray --no-as-needed --as-needed -lsci_cray --no-as-needed -ldl -lxpmem -lstdc++ --as-needed -lpgas-shmem --no-as-needed -lfi -lquadmath -lmodules -lfi -lcraymath -lf -lu -lcsup --as-needed -lpthread -latomic --no-as-needed --as-needed -lm --no-as-needed --disable-new-dtags /opt/cray/pe/cce/20.0.0/cce/x86_64/lib/no_mmap.o -lstdc++ -lm /opt/cray/pe/cce/20.0.0/cce-clang/x86_64/lib/clang/20/lib/linux/libclang_rt.builtins-x86_64.a --as-needed -L/opt/cray/pe/cce/20.0.0/cce-clang/x86_64/lib -rpath=/opt/cray/pe/cce/20.0.0/cce-clang/x86_64/lib /opt/cray/pe/cce/20.0.0/cce-clang/x86_64/lib/libunwind.so -lunwind --no-as-needed -lc /opt/cray/pe/cce/20.0.0/cce-clang/x86_64/lib/clang/20/lib/linux/libclang_rt.builtins-x86_64.a --as-needed -L/opt/cray/pe/cce/20.0.0/cce-clang/x86_64/lib -rpath=/opt/cray/pe/cce/20.0.0/cce-clang/x86_64/lib /opt/cray/pe/cce/20.0.0/cce-clang/x86_64/lib/libunwind.so -lunwind --no-as-needed /opt/cray/pe/cce/20.0.0/cce-clang/x86_64/lib/clang/20/lib/linux/clang_rt.crtend-x86_64.o /lib/../lib64/crtn.o
gmake[1]: Leaving directory '/usr/WS2/haridev/dftracer-project/brahma/build_verify/CMakeFiles/CMakeTmp'



Parsed CXX implicit include dir info from above output: rv=done
  found start of include info
  found start of implicit include info
    add: [/opt/cray/pe/mpich/9.0.1/ofi/cray/20.0/include]
    add: [/opt/cray/pe/libsci/25.09.0/CRAY/20.0/x86_64/include]
    add: [/opt/cray/pe/cce/20.0.0/cce-clang/x86_64/lib/clang/20/include]
    add: [/opt/cray/pe/cce/20.0.0/cce/x86_64/include/craylibs]
    add: [/opt/rh/gcc-toolset-13/root/usr/lib/gcc/x86_64-redhat-linux/13/../../../../include/c++/13]
    add: [/opt/rh/gcc-toolset-13/root/usr/lib/gcc/x86_64-redhat-linux/13/../../../../include/c++/13/x86_64-redhat-linux]
    add: [/opt/rh/gcc-toolset-13/root/usr/lib/gcc/x86_64-redhat-linux/13/../../../../include/c++/13/backward]
    add: [/usr/local/include]
    add: [/usr/include]
  end of search list found
  collapse include dir [/opt/cray/pe/mpich/9.0.1/ofi/cray/20.0/include] ==> [/opt/cray/pe/mpich/9.0.1/ofi/cray/20.0/include]
  collapse include dir [/opt/cray/pe/libsci/25.09.0/CRAY/20.0/x86_64/include] ==> [/opt/cray/pe/libsci/25.09.0/CRAY/20.0/x86_64/include]
  collapse include dir [/opt/cray/pe/cce/20.0.0/cce-clang/x86_64/lib/clang/20/include] ==> [/opt/cray/pe/cce/20.0.0/cce-clang/x86_64/lib/clang/20/include]
  collapse include dir [/opt/cray/pe/cce/20.0.0/cce/x86_64/include/craylibs] ==> [/opt/cray/pe/cce/20.0.0/cce/x86_64/include/craylibs]
  collapse include dir [/opt/rh/gcc-toolset-13/root/usr/lib/gcc/x86_64-redhat-linux/13/../../../../include/c++/13] ==> [/opt/rh/gcc-toolset-13/root/usr/include/c++/13]
  collapse include dir [/opt/rh/gcc-toolset-13/root/usr/lib/gcc/x86_64-redhat-linux/13/../../../../include/c++/13/x86_64-redhat-linux] ==> [/opt/rh/gcc-toolset-13/root/usr/include/c++/13/x86_64-redhat-linux]
  collapse include dir [/opt/rh/gcc-toolset-13/root/usr/lib/gcc/x86_64-redhat-linux/13/../../../../include/c++/13/backward] ==> [/opt/rh/gcc-toolset-13/root/usr/include/c++/13/backward]
  collapse include dir [/usr/local/include] ==> [/usr/local/include]
  collapse include dir [/usr/include] ==> [/usr/include]
  implicit include dirs: [/opt/cray/pe/mpich/9.0.1/ofi/cray/20.0/include;/opt/cray/pe/libsci/25.09.0/CRAY/20.0/x86_64/include;/opt/cray/pe/cce/20.0.0/cce-clang/x86_64/lib/clang/20/include;/opt/cray/pe/cce/20.0.0/cce/x86_64/include/craylibs;/opt/rh/gcc-toolset-13/root/usr/include/c++/13;/opt/rh/gcc-toolset-13/root/usr/include/c++/13/x86_64-redhat-linux;/opt/rh/gcc-toolset-13/root/usr/include/c++/13/backward;/usr/local/include;/usr/include]


Parsed CXX implicit link information from above output:
  link line regex: [^( *|.*[/\])(ld\.lld|CMAKE_LINK_STARTFILE-NOTFOUND|([^/\]+-)?ld|collect2)[^/\]*( |$)]
  ignore line: [Change Dir: /usr/workspace/haridev/dftracer-project/brahma/build_verify/CMakeFiles/CMakeTmp]
  ignore line: []
  ignore line: [Run Build Command(s):/usr/bin/gmake -f Makefile cmTC_aa07f/fast && /usr/bin/gmake  -f CMakeFiles/cmTC_aa07f.dir/build.make CMakeFiles/cmTC_aa07f.dir/build]
  ignore line: [gmake[1]: Entering directory '/usr/WS2/haridev/dftracer-project/brahma/build_verify/CMakeFiles/CMakeTmp']
  ignore line: [Building CXX object CMakeFiles/cmTC_aa07f.dir/CMakeCXXCompilerABI.cpp.o]
  ignore line: [/opt/cray/pe/craype/2.7.35/bin/CC   -v -MD -MT CMakeFiles/cmTC_aa07f.dir/CMakeCXXCompilerABI.cpp.o -MF CMakeFiles/cmTC_aa07f.dir/CMakeCXXCompilerABI.cpp.o.d -o CMakeFiles/cmTC_aa07f.dir/CMakeCXXCompilerABI.cpp.o -c /usr/tce/backend/installations/linux-rhel8-x86_64/gcc-8.3.1/cmake-3.24.2-ywx52e32uh6gkxzuyubpwkulzgdvxyh6/share/cmake-3.24/Modules/CMakeCXXCompilerABI.cpp]
  ignore line: [Cray clang version 20.0.0  (95f64a80f3ee7b4a305f3014c51d36f78b24d91e)]
  ignore line: [Target: x86_64-unknown-linux-gnu]
  ignore line: [Thread model: posix]
  ignore line: [InstalledDir: /opt/cray/pe/cce/20.0.0/cce-clang/x86_64/bin]
  ignore line: [Build config: +assertions]
  ignore line: [Configuration file: /opt/cray/pe/cce/20.0.0/cce-clang/x86_64/bin/clang++.cfg]
  ignore line: [Found candidate GCC installation: /opt/rh/gcc-toolset-13/root/usr/lib/gcc/x86_64-redhat-linux/13]
  ignore line: [Selected GCC installation: /opt/rh/gcc-toolset-13/root/usr/lib/gcc/x86_64-redhat-linux/13]
  ignore line: [Candidate multilib: .]
  ignore line: [@m64]
  ignore line: [Candidate multilib: 32]
  ignore line: [@m32]
  ignore line: [Selected multilib: .]
  ignore line: [@m64]
  ignore line: [Found HIP installation: /opt/rocm-7.2.1  version 7.2.53211]
  ignore line: [ (in-process)]
  ignore line: [ "/opt/cray/pe/cce/20.0.0/cce-clang/x86_64/bin/clang-20" -cc1 -triple x86_64-unknown-linux-gnu -mllvm -cray-omp-opt-fork-call -mllvm -cray-omp-parallel-opt-call -mllvm -cray-openmp-rename-outlined -fcray-gpu -flocal-restrict -mllvm -cray-enhanced-asm=1 -fenhanced-asm=1 -mllvm -cray-enhanced-ir=1 -fenhanced-ir=1 -fomp-local-offload-table -ffortran -emit-obj -disable-free -clear-ast-before-backend -main-file-name CMakeCXXCompilerABI.cpp -mrelocation-model static -mframe-pointer=all -fmath-errno -ffp-contract=on -fno-rounding-math -mconstructor-aliases -funwind-tables=2 -target-cpu znver3 -debugger-tuning=gdb -fdebug-compilation-dir=/usr/WS2/haridev/dftracer-project/brahma/build_verify/CMakeFiles/CMakeTmp -v -fcoverage-compilation-dir=/usr/WS2/haridev/dftracer-project/brahma/build_verify/CMakeFiles/CMakeTmp -resource-dir /opt/cray/pe/cce/20.0.0/cce-clang/x86_64/lib/clang/20 -dependency-file CMakeFiles/cmTC_aa07f.dir/CMakeCXXCompilerABI.cpp.o.d -MT CMakeFiles/cmTC_aa07f.dir/CMakeCXXCompilerABI.cpp.o -sys-header-deps -isystem /opt/cray/pe/cce/20.0.0/cce-clang/x86_64/lib/clang/20/include -isystem /opt/cray/pe/cce/20.0.0/cce/x86_64/include/craylibs -D __CRAY_X86_TRENTO -D __CRAY_NONE -D __CRAYXT_COMPUTE_LINUX_TARGET -I /opt/cray/pe/mpich/9.0.1/ofi/cray/20.0/include -I /opt/cray/pe/libsci/25.09.0/CRAY/20.0/x86_64/include -internal-isystem /opt/rh/gcc-toolset-13/root/usr/lib/gcc/x86_64-redhat-linux/13/../../../../include/c++/13 -internal-isystem /opt/rh/gcc-toolset-13/root/usr/lib/gcc/x86_64-redhat-linux/13/../../../../include/c++/13/x86_64-redhat-linux -internal-isystem /opt/rh/gcc-toolset-13/root/usr/lib/gcc/x86_64-redhat-linux/13/../../../../include/c++/13/backward -internal-isystem /opt/cray/pe/cce/20.0.0/cce-clang/x86_64/lib/clang/20/include -internal-isystem /usr/local/include -internal-isystem /opt/rh/gcc-toolset-13/root/usr/lib/gcc/x86_64-redhat-linux/13/../../../../x86_64-redhat-linux/include -internal-externc-isystem /include -internal-externc-isystem /usr/include -fdeprecated-macro -ferror-limit 19 -fgnuc-version=4.2.1 -fskip-odr-check-in-gmf -fcxx-exceptions -fexceptions -faddrsig -D__GCC_HAVE_DWARF2_CFI_ASM=1 -o CMakeFiles/cmTC_aa07f.dir/CMakeCXXCompilerABI.cpp.o -x c++ /usr/tce/backend/installations/linux-rhel8-x86_64/gcc-8.3.1/cmake-3.24.2-ywx52e32uh6gkxzuyubpwkulzgdvxyh6/share/cmake-3.24/Modules/CMakeCXXCompilerABI.cpp]
  ignore line: [clang -cc1 version 20.1.6 based upon LLVM 20.1.6 default target x86_64-unknown-linux-gnu]
  ignore line: [ignoring nonexistent directory "/opt/rh/gcc-toolset-13/root/usr/lib/gcc/x86_64-redhat-linux/13/../../../../x86_64-redhat-linux/include"]
  ignore line: [ignoring nonexistent directory "/include"]
  ignore line: [ignoring duplicate directory "/opt/cray/pe/cce/20.0.0/cce-clang/x86_64/lib/clang/20/include"]
  ignore line: [#include "..." search starts here:]
  ignore line: [#include <...> search starts here:]
  ignore line: [ /opt/cray/pe/mpich/9.0.1/ofi/cray/20.0/include]
  ignore line: [ /opt/cray/pe/libsci/25.09.0/CRAY/20.0/x86_64/include]
  ignore line: [ /opt/cray/pe/cce/20.0.0/cce-clang/x86_64/lib/clang/20/include]
  ignore line: [ /opt/cray/pe/cce/20.0.0/cce/x86_64/include/craylibs]
  ignore line: [ /opt/rh/gcc-toolset-13/root/usr/lib/gcc/x86_64-redhat-linux/13/../../../../include/c++/13]
  ignore line: [ /opt/rh/gcc-toolset-13/root/usr/lib/gcc/x86_64-redhat-linux/13/../../../../include/c++/13/x86_64-redhat-linux]
  ignore line: [ /opt/rh/gcc-toolset-13/root/usr/lib/gcc/x86_64-redhat-linux/13/../../../../include/c++/13/backward]
  ignore line: [ /usr/local/include]
  ignore line: [ /usr/include]
  ignore line: [End of search list.]
  ignore line: [Linking CXX executable cmTC_aa07f]
  ignore line: [/usr/tce/backend/installations/linux-rhel8-x86_64/gcc-8.3.1/cmake-3.24.2-ywx52e32uh6gkxzuyubpwkulzgdvxyh6/bin/cmake -E cmake_link_script CMakeFiles/cmTC_aa07f.dir/link.txt --verbose=1]
  ignore line: [/opt/cray/pe/craype/2.7.35/bin/CC  -v CMakeFiles/cmTC_aa07f.dir/CMakeCXXCompilerABI.cpp.o -o cmTC_aa07f ]
  ignore line: [Cray clang version 20.0.0  (95f64a80f3ee7b4a305f3014c51d36f78b24d91e)]
  ignore line: [Target: x86_64-unknown-linux-gnu]
  ignore line: [Thread model: posix]
  ignore line: [InstalledDir: /opt/cray/pe/cce/20.0.0/cce-clang/x86_64/bin]
  ignore line: [Build config: +assertions]
  ignore line: [Configuration file: /opt/cray/pe/cce/20.0.0/cce-clang/x86_64/bin/clang++.cfg]
  ignore line: [Found candidate GCC installation: /opt/rh/gcc-toolset-13/root/usr/lib/gcc/x86_64-redhat-linux/13]
  ignore line: [Selected GCC installation: /opt/rh/gcc-toolset-13/root/usr/lib/gcc/x86_64-redhat-linux/13]
  ignore line: [Candidate multilib: .]
  ignore line: [@m64]
  ignore line: [Candidate multilib: 32]
  ignore line: [@m32]
  ignore line: [Selected multilib: .]
  ignore line: [@m64]
  ignore line: [Found HIP installation: /opt/rocm-7.2.1  version 7.2.53211]
  link line: [ "/opt/cray/pe/cce/20.0.0/cce-clang/x86_64/bin/ld.lld" --hash-style=gnu --eh-frame-hdr -m elf_x86_64 -dynamic-linker /lib64/ld-linux-x86-64.so.2 -o cmTC_aa07f /lib/../lib64/crt1.o /lib/../lib64/crti.o /opt/cray/pe/cce/20.0.0/cce-clang/x86_64/lib/clang/20/lib/linux/clang_rt.crtbegin-x86_64.o /opt/rh/gcc-toolset-13/root/usr/lib/gcc/x86_64-redhat-linux/13/crtfastmath.o -L/opt/cray/pe/mpich/9.0.1/ofi/cray/20.0/lib -L/opt/cray/pe/libsci/25.09.0/CRAY/20.0/x86_64/lib -L/opt/cray/pe/cce/20.0.0/cce/x86_64/lib/pkgconfig/../ -L/opt/rh/gcc-toolset-13/root/usr/lib/gcc/x86_64-redhat-linux/13 -L/opt/rh/gcc-toolset-13/root/usr/lib/gcc/x86_64-redhat-linux/13/../../../../lib64 -L/lib/../lib64 -L/usr/lib/../lib64 -L/lib -L/usr/lib -plugin-opt=mcpu=znver3 -plugin-opt=lto=0 -plugin-opt=defaults=cray -plugin-opt=mllvm=-cray-math-precision=none -rpath=/opt/cray/pe/cce/20.0.0/cce/x86_64/lib CMakeFiles/cmTC_aa07f.dir/CMakeCXXCompilerABI.cpp.o --as-needed -lsci_cray_mpi --no-as-needed --as-needed -lmpi_cray --no-as-needed --as-needed -lsci_cray --no-as-needed -ldl -lxpmem -lstdc++ --as-needed -lpgas-shmem --no-as-needed -lfi -lquadmath -lmodules -lfi -lcraymath -lf -lu -lcsup --as-needed -lpthread -latomic --no-as-needed --as-needed -lm --no-as-needed --disable-new-dtags /opt/cray/pe/cce/20.0.0/cce/x86_64/lib/no_mmap.o -lstdc++ -lm /opt/cray/pe/cce/20.0.0/cce-clang/x86_64/lib/clang/20/lib/linux/libclang_rt.builtins-x86_64.a --as-needed -L/opt/cray/pe/cce/20.0.0/cce-clang/x86_64/lib -rpath=/opt/cray/pe/cce/20.0.0/cce-clang/x86_64/lib /opt/cray/pe/cce/20.0.0/cce-clang/x86_64/lib/libunwind.so -lunwind --no-as-needed -lc /opt/cray/pe/cce/20.0.0/cce-clang/x86_64/lib/clang/20/lib/linux/libclang_rt.builtins-x86_64.a --as-needed -L/opt/cray/pe/cce/20.0.0/cce-clang/x86_64/lib -rpath=/opt/cray/pe/cce/20.0.0/cce-clang/x86_64/lib /opt/cray/pe/cce/20.0.0/cce-clang/x86_64/lib/libunwind.so -lunwind --no-as-needed /opt/cray/pe/cce/20.0.0/cce-clang/x86_64/lib/clang/20/lib/linux/clang_rt.crtend-x86_64.o /lib/../lib64/crtn.o]
    arg [/opt/cray/pe/cce/20.0.0/cce-clang/x86_64/bin/ld.lld] ==> ignore
    arg [--hash-style=gnu] ==> ignore
    arg [--eh-frame-hdr] ==> ignore
    arg [-m] ==> ignore
    arg [elf_x86_64] ==> ignore
    arg [-dynamic-linker] ==> ignore
    arg [/lib64/ld-linux-x86-64.so.2] ==> ignore
    arg [-o] ==> ignore
    arg [cmTC_aa07f] ==> ignore
    arg [/lib/../lib64/crt1.o] ==> obj [/lib/../lib64/crt1.o]
    arg [/lib/../lib64/crti.o] ==> obj [/lib/../lib64/crti.o]
    arg [/opt/cray/pe/cce/20.0.0/cce-clang/x86_64/lib/clang/20/lib/linux/clang_rt.crtbegin-x86_64.o] ==> obj [/opt/cray/pe/cce/20.0.0/cce-clang/x86_64/lib/clang/20/lib/linux/clang_rt.crtbegin-x86_64.o]
    arg [/opt/rh/gcc-toolset-13/root/usr/lib/gcc/x86_64-redhat-linux/13/crtfastmath.o] ==> obj [/opt/rh/gcc-toolset-13/root/usr/lib/gcc/x86_64-redhat-linux/13/crtfastmath.o]
    arg [-L/opt/cray/pe/mpich/9.0.1/ofi/cray/20.0/lib] ==> dir [/opt/cray/pe/mpich/9.0.1/ofi/cray/20.0/lib]
    arg [-L/opt/cray/pe/libsci/25.09.0/CRAY/20.0/x86_64/lib] ==> dir [/opt/cray/pe/libsci/25.09.0/CRAY/20.0/x86_64/lib]
    arg [-L/opt/cray/pe/cce/20.0.0/cce/x86_64/lib/pkgconfig/../] ==> dir [/opt/cray/pe/cce/20.0.0/cce/x86_64/lib/pkgconfig/../]
    arg [-L/opt/rh/gcc-toolset-13/root/usr/lib/gcc/x86_64-redhat-linux/13] ==> dir [/opt/rh/gcc-toolset-13/root/usr/lib/gcc/x86_64-redhat-linux/13]
    arg [-L/opt/rh/gcc-toolset-13/root/usr/lib/gcc/x86_64-redhat-linux/13/../../../../lib64] ==> dir [/opt/rh/gcc-toolset-13/root/usr/lib/gcc/x86_64-redhat-linux/13/../../../../lib64]
    arg [-L/lib/../lib64] ==> dir [/lib/../lib64]
    arg [-L/usr/lib/../lib64] ==> dir [/usr/lib/../lib64]
    arg [-L/lib] ==> dir [/lib]
    arg [-L/usr/lib] ==> dir [/usr/lib]
    arg [-plugin-opt=mcpu=znver3] ==> ignore
    arg [-plugin-opt=lto=0] ==> ignore
    arg [-plugin-opt=defaults=cray] ==> ignore
    arg [-plugin-opt=mllvm=-cray-math-precision=none] ==> ignore
    arg [-rpath=/opt/cray/pe/cce/20.0.0/cce/x86_64/lib] ==> ignore
    arg [CMakeFiles/cmTC_aa07f.dir/CMakeCXXCompilerABI.cpp.o] ==> ignore
    arg [--as-needed] ==> ignore
    arg [-lsci_cray_mpi] ==> lib [sci_cray_mpi]
    arg [--no-as-needed] ==> ignore
    arg [--as-needed] ==> ignore
    arg [-lmpi_cray] ==> lib [mpi_cray]
    arg [--no-as-needed] ==> ignore
    arg [--as-needed] ==> ignore
    arg [-lsci_cray] ==> lib [sci_cray]
    arg [--no-as-needed] ==> ignore
    arg [-ldl] ==> lib [dl]
    arg [-lxpmem] ==> lib [xpmem]
    arg [-lstdc++] ==> lib [stdc++]
    arg [--as-needed] ==> ignore
    arg [-lpgas-shmem] ==> lib [pgas-shmem]
    arg [--no-as-needed] ==> ignore
    arg [-lfi] ==> lib [fi]
    arg [-lquadmath] ==> lib [quadmath]
    arg [-lmodules] ==> lib [modules]
    arg [-lfi] ==> lib [fi]
    arg [-lcraymath] ==> lib [craymath]
    arg [-lf] ==> lib [f]
    arg [-lu] ==> lib [u]
    arg [-lcsup] ==> lib [csup]
    arg [--as-needed] ==> ignore
    arg [-lpthread] ==> lib [pthread]
    arg [-latomic] ==> lib [atomic]
    arg [--no-as-needed] ==> ignore
    arg [--as-needed] ==> ignore
    arg [-lm] ==> lib [m]
    arg [--no-as-needed] ==> ignore
    arg [--disable-new-dtags] ==> ignore
    arg [/opt/cray/pe/cce/20.0.0/cce/x86_64/lib/no_mmap.o] ==> obj [/opt/cray/pe/cce/20.0.0/cce/x86_64/lib/no_mmap.o]
    arg [-lstdc++] ==> lib [stdc++]
    arg [-lm] ==> lib [m]
    arg [/opt/cray/pe/cce/20.0.0/cce-clang/x86_64/lib/clang/20/lib/linux/libclang_rt.builtins-x86_64.a] ==> lib [/opt/cray/pe/cce/20.0.0/cce-clang/x86_64/lib/clang/20/lib/linux/libclang_rt.builtins-x86_64.a]
    arg [--as-needed] ==> ignore
    arg [-L/opt/cray/pe/cce/20.0.0/cce-clang/x86_64/lib] ==> dir [/opt/cray/pe/cce/20.0.0/cce-clang/x86_64/lib]
    arg [-rpath=/opt/cray/pe/cce/20.0.0/cce-clang/x86_64/lib] ==> ignore
    arg [/opt/cray/pe/cce/20.0.0/cce-clang/x86_64/lib/libunwind.so] ==> ignore
    arg [-lunwind] ==> lib [unwind]
    arg [--no-as-needed] ==> ignore
    arg [-lc] ==> lib [c]
    arg [/opt/cray/pe/cce/20.0.0/cce-clang/x86_64/lib/clang/20/lib/linux/libclang_rt.builtins-x86_64.a] ==> lib [/opt/cray/pe/cce/20.0.0/cce-clang/x86_64/lib/clang/20/lib/linux/libclang_rt.builtins-x86_64.a]
    arg [--as-needed] ==> ignore
    arg [-L/opt/cray/pe/cce/20.0.0/cce-clang/x86_64/lib] ==> dir [/opt/cray/pe/cce/20.0.0/cce-clang/x86_64/lib]
    arg [-rpath=/opt/cray/pe/cce/20.0.0/cce-clang/x86_64/lib] ==> ignore
    arg [/opt/cray/pe/cce/20.0.0/cce-clang/x86_64/lib/libunwind.so] ==> ignore
    arg [-lunwind] ==> lib [unwind]
    arg [--no-as-needed] ==> ignore
    arg [/opt/cray/pe/cce/20.0.0/cce-clang/x86_64/lib/clang/20/lib/linux/clang_rt.crtend-x86_64.o] ==> obj [/opt/cray/pe/cce/20.0.0/cce-clang/x86_64/lib/clang/20/lib/linux/clang_rt.crtend-x86_64.o]
    arg [/lib/../lib64/crtn.o] ==> obj [/lib/../lib64/crtn.o]
  remove lib [/opt/cray/pe/cce/20.0.0/cce-clang/x86_64/lib/clang/20/lib/linux/libclang_rt.builtins-x86_64.a]
  remove lib [/opt/cray/pe/cce/20.0.0/cce-clang/x86_64/lib/clang/20/lib/linux/libclang_rt.builtins-x86_64.a]
  collapse obj [/lib/../lib64/crt1.o] ==> [/lib64/crt1.o]
  collapse obj [/lib/../lib64/crti.o] ==> [/lib64/crti.o]
  collapse obj [/lib/../lib64/crtn.o] ==> [/lib64/crtn.o]
  collapse library dir [/opt/cray/pe/mpich/9.0.1/ofi/cray/20.0/lib] ==> [/opt/cray/pe/mpich/9.0.1/ofi/cray/20.0/lib]
  collapse library dir [/opt/cray/pe/libsci/25.09.0/CRAY/20.0/x86_64/lib] ==> [/opt/cray/pe/libsci/25.09.0/CRAY/20.0/x86_64/lib]
  collapse library dir [/opt/cray/pe/cce/20.0.0/cce/x86_64/lib/pkgconfig/../] ==> [/opt/cray/pe/cce/20.0.0/cce/x86_64/lib]
  collapse library dir [/opt/rh/gcc-toolset-13/root/usr/lib/gcc/x86_64-redhat-linux/13] ==> [/opt/rh/gcc-toolset-13/root/usr/lib/gcc/x86_64-redhat-linux/13]
  collapse library dir [/opt/rh/gcc-toolset-13/root/usr/lib/gcc/x86_64-redhat-linux/13/../../../../lib64] ==> [/opt/rh/gcc-toolset-13/root/usr/lib64]
  collapse library dir [/lib/../lib64] ==> [/lib64]
  collapse library dir [/usr/lib/../lib64] ==> [/usr/lib64]
  collapse library dir [/lib] ==> [/lib]
  collapse library dir [/usr/lib] ==> [/usr/lib]
  collapse library dir [/opt/cray/pe/cce/20.0.0/cce-clang/x86_64/lib] ==> [/opt/cray/pe/cce/20.0.0/cce-clang/x86_64/lib]
  collapse library dir [/opt/cray/pe/cce/20.0.0/cce-clang/x86_64/lib] ==> [/opt/cray/pe/cce/20.0.0/cce-clang/x86_64/lib]
  implicit libs: [sci_cray_mpi;mpi_cray;sci_cray;dl;xpmem;stdc++;pgas-shmem;fi;quadmath;modules;fi;craymath;f;u;csup;pthread;atomic;m;stdc++;m;unwind;c;unwind]
  implicit objs: [/lib64/crt1.o;/lib64/crti.o;/opt/cray/pe/cce/20.0.0/cce-clang/x86_64/lib/clang/20/lib/linux/clang_rt.crtbegin-x86_64.o;/opt/rh/gcc-toolset-13/root/usr/lib/gcc/x86_64-redhat-linux/13/crtfastmath.o;/opt/cray/pe/cce/20.0.0/cce/x86_64/lib/no_mmap.o;/opt/cray/pe/cce/20.0.0/cce-clang/x86_64/lib/clang/20/lib/linux/clang_rt.crtend-x86_64.o;/lib64/crtn.o]
  implicit dirs: [/opt/cray/pe/mpich/9.0.1/ofi/cray/20.0/lib;/opt/cray/pe/libsci/25.09.0/CRAY/20.0/x86_64/lib;/opt/cray/pe/cce/20.0.0/cce/x86_64/lib;/opt/rh/gcc-toolset-13/root/usr/lib/gcc/x86_64-redhat-linux/13;/opt/rh/gcc-toolset-13/root/usr/lib64;/lib64;/usr/lib64;/lib;/usr/lib;/opt/cray/pe/cce/20.0.0/cce-clang/x86_64/lib]
  implicit fwks: []


Performing C++ SOURCE FILE Test FLAG__fPIC_OK succeeded with the following output:
Change Dir: /usr/workspace/haridev/dftracer-project/brahma/build_verify/CMakeFiles/CMakeTmp

Run Build Command(s):/usr/bin/gmake -f Makefile cmTC_97f2f/fast && /usr/bin/gmake  -f CMakeFiles/cmTC_97f2f.dir/build.make CMakeFiles/cmTC_97f2f.dir/build
gmake[1]: Entering directory '/usr/WS2/haridev/dftracer-project/brahma/build_verify/CMakeFiles/CMakeTmp'
Building CXX object CMakeFiles/cmTC_97f2f.dir/src.cxx.o
/opt/cray/pe/craype/2.7.35/bin/CC -DFLAG__fPIC_OK  -fPIC -std=c++17 -MD -MT CMakeFiles/cmTC_97f2f.dir/src.cxx.o -MF CMakeFiles/cmTC_97f2f.dir/src.cxx.o.d -o CMakeFiles/cmTC_97f2f.dir/src.cxx.o -c /usr/workspace/haridev/dftracer-project/brahma/build_verify/CMakeFiles/CMakeTmp/src.cxx
Linking CXX executable cmTC_97f2f
/usr/tce/backend/installations/linux-rhel8-x86_64/gcc-8.3.1/cmake-3.24.2-ywx52e32uh6gkxzuyubpwkulzgdvxyh6/bin/cmake -E cmake_link_script CMakeFiles/cmTC_97f2f.dir/link.txt --verbose=1
/opt/cray/pe/craype/2.7.35/bin/CC CMakeFiles/cmTC_97f2f.dir/src.cxx.o -o cmTC_97f2f  -fPIC 
gmake[1]: Leaving directory '/usr/WS2/haridev/dftracer-project/brahma/build_verify/CMakeFiles/CMakeTmp'


Source file was:
int main() { return 0; }
Performing C++ SOURCE FILE Test FLAG__Wall_OK succeeded with the following output:
Change Dir: /usr/workspace/haridev/dftracer-project/brahma/build_verify/CMakeFiles/CMakeTmp

Run Build Command(s):/usr/bin/gmake -f Makefile cmTC_511cd/fast && /usr/bin/gmake  -f CMakeFiles/cmTC_511cd.dir/build.make CMakeFiles/cmTC_511cd.dir/build
gmake[1]: Entering directory '/usr/WS2/haridev/dftracer-project/brahma/build_verify/CMakeFiles/CMakeTmp'
Building CXX object CMakeFiles/cmTC_511cd.dir/src.cxx.o
/opt/cray/pe/craype/2.7.35/bin/CC -DFLAG__Wall_OK  -fPIC    -Wall -std=c++17 -MD -MT CMakeFiles/cmTC_511cd.dir/src.cxx.o -MF CMakeFiles/cmTC_511cd.dir/src.cxx.o.d -o CMakeFiles/cmTC_511cd.dir/src.cxx.o -c /usr/workspace/haridev/dftracer-project/brahma/build_verify/CMakeFiles/CMakeTmp/src.cxx
Linking CXX executable cmTC_511cd
/usr/tce/backend/installations/linux-rhel8-x86_64/gcc-8.3.1/cmake-3.24.2-ywx52e32uh6gkxzuyubpwkulzgdvxyh6/bin/cmake -E cmake_link_script CMakeFiles/cmTC_511cd.dir/link.txt --verbose=1
/opt/cray/pe/craype/2.7.35/bin/CC  -fPIC  CMakeFiles/cmTC_511cd.dir/src.cxx.o -o cmTC_511cd  -Wall 
gmake[1]: Leaving directory '/usr/WS2/haridev/dftracer-project/brahma/build_verify/CMakeFiles/CMakeTmp'


Source file was:
int main() { return 0; }
Performing C++ SOURCE FILE Test FLAG__Wextra_OK succeeded with the following output:
Change Dir: /usr/workspace/haridev/dftracer-project/brahma/build_verify/CMakeFiles/CMakeTmp

Run Build Command(s):/usr/bin/gmake -f Makefile cmTC_4d74b/fast && /usr/bin/gmake  -f CMakeFiles/cmTC_4d74b.dir/build.make CMakeFiles/cmTC_4d74b.dir/build
gmake[1]: Entering directory '/usr/WS2/haridev/dftracer-project/brahma/build_verify/CMakeFiles/CMakeTmp'
Building CXX object CMakeFiles/cmTC_4d74b.dir/src.cxx.o
/opt/cray/pe/craype/2.7.35/bin/CC -DFLAG__Wextra_OK  -fPIC -Wall    -Wextra -std=c++17 -MD -MT CMakeFiles/cmTC_4d74b.dir/src.cxx.o -MF CMakeFiles/cmTC_4d74b.dir/src.cxx.o.d -o CMakeFiles/cmTC_4d74b.dir/src.cxx.o -c /usr/workspace/haridev/dftracer-project/brahma/build_verify/CMakeFiles/CMakeTmp/src.cxx
Linking CXX executable cmTC_4d74b
/usr/tce/backend/installations/linux-rhel8-x86_64/gcc-8.3.1/cmake-3.24.2-ywx52e32uh6gkxzuyubpwkulzgdvxyh6/bin/cmake -E cmake_link_script CMakeFiles/cmTC_4d74b.dir/link.txt --verbose=1
/opt/cray/pe/craype/2.7.35/bin/CC  -fPIC -Wall  CMakeFiles/cmTC_4d74b.dir/src.cxx.o -o cmTC_4d74b  -Wextra 
gmake[1]: Leaving directory '/usr/WS2/haridev/dftracer-project/brahma/build_verify/CMakeFiles/CMakeTmp'


Source file was:
int main() { return 0; }
Performing C++ SOURCE FILE Test FLAG__pedantic_OK succeeded with the following output:
Change Dir: /usr/workspace/haridev/dftracer-project/brahma/build_verify/CMakeFiles/CMakeTmp

Run Build Command(s):/usr/bin/gmake -f Makefile cmTC_7844c/fast && /usr/bin/gmake  -f CMakeFiles/cmTC_7844c.dir/build.make CMakeFiles/cmTC_7844c.dir/build
gmake[1]: Entering directory '/usr/WS2/haridev/dftracer-project/brahma/build_verify/CMakeFiles/CMakeTmp'
Building CXX object CMakeFiles/cmTC_7844c.dir/src.cxx.o
/opt/cray/pe/craype/2.7.35/bin/CC -DFLAG__pedantic_OK  -fPIC -Wall -Wextra    -pedantic -std=c++17 -MD -MT CMakeFiles/cmTC_7844c.dir/src.cxx.o -MF CMakeFiles/cmTC_7844c.dir/src.cxx.o.d -o CMakeFiles/cmTC_7844c.dir/src.cxx.o -c /usr/workspace/haridev/dftracer-project/brahma/build_verify/CMakeFiles/CMakeTmp/src.cxx
Linking CXX executable cmTC_7844c
/usr/tce/backend/installations/linux-rhel8-x86_64/gcc-8.3.1/cmake-3.24.2-ywx52e32uh6gkxzuyubpwkulzgdvxyh6/bin/cmake -E cmake_link_script CMakeFiles/cmTC_7844c.dir/link.txt --verbose=1
/opt/cray/pe/craype/2.7.35/bin/CC  -fPIC -Wall -Wextra  CMakeFiles/cmTC_7844c.dir/src.cxx.o -o cmTC_7844c  -pedantic 
gmake[1]: Leaving directory '/usr/WS2/haridev/dftracer-project/brahma/build_verify/CMakeFiles/CMakeTmp'


Source file was:
int main() { return 0; }
Performing C++ SOURCE FILE Test FLAG__Wno_unused_parameter_OK succeeded with the following output:
Change Dir: /usr/workspace/haridev/dftracer-project/brahma/build_verify/CMakeFiles/CMakeTmp

Run Build Command(s):/usr/bin/gmake -f Makefile cmTC_aed8a/fast && /usr/bin/gmake  -f CMakeFiles/cmTC_aed8a.dir/build.make CMakeFiles/cmTC_aed8a.dir/build
gmake[1]: Entering directory '/usr/WS2/haridev/dftracer-project/brahma/build_verify/CMakeFiles/CMakeTmp'
Building CXX object CMakeFiles/cmTC_aed8a.dir/src.cxx.o
/opt/cray/pe/craype/2.7.35/bin/CC -DFLAG__Wno_unused_parameter_OK  -fPIC -Wall -Wextra -pedantic    -Wno-unused-parameter -std=c++17 -MD -MT CMakeFiles/cmTC_aed8a.dir/src.cxx.o -MF CMakeFiles/cmTC_aed8a.dir/src.cxx.o.d -o CMakeFiles/cmTC_aed8a.dir/src.cxx.o -c /usr/workspace/haridev/dftracer-project/brahma/build_verify/CMakeFiles/CMakeTmp/src.cxx
Linking CXX executable cmTC_aed8a
/usr/tce/backend/installations/linux-rhel8-x86_64/gcc-8.3.1/cmake-3.24.2-ywx52e32uh6gkxzuyubpwkulzgdvxyh6/bin/cmake -E cmake_link_script CMakeFiles/cmTC_aed8a.dir/link.txt --verbose=1
/opt/cray/pe/craype/2.7.35/bin/CC  -fPIC -Wall -Wextra -pedantic  CMakeFiles/cmTC_aed8a.dir/src.cxx.o -o cmTC_aed8a  -Wno-unused-parameter 
gmake[1]: Leaving directory '/usr/WS2/haridev/dftracer-project/brahma/build_verify/CMakeFiles/CMakeTmp'


Source file was:
int main() { return 0; }
Performing C++ SOURCE FILE Test FLAG__Wnon_virtual_dtor_OK succeeded with the following output:
Change Dir: /usr/workspace/haridev/dftracer-project/brahma/build_verify/CMakeFiles/CMakeTmp

Run Build Command(s):/usr/bin/gmake -f Makefile cmTC_b298b/fast && /usr/bin/gmake  -f CMakeFiles/cmTC_b298b.dir/build.make CMakeFiles/cmTC_b298b.dir/build
gmake[1]: Entering directory '/usr/WS2/haridev/dftracer-project/brahma/build_verify/CMakeFiles/CMakeTmp'
Building CXX object CMakeFiles/cmTC_b298b.dir/src.cxx.o
/opt/cray/pe/craype/2.7.35/bin/CC -DFLAG__Wnon_virtual_dtor_OK  -fPIC -Wall -Wextra -pedantic -Wno-unused-parameter    -Wnon-virtual-dtor -std=c++17 -MD -MT CMakeFiles/cmTC_b298b.dir/src.cxx.o -MF CMakeFiles/cmTC_b298b.dir/src.cxx.o.d -o CMakeFiles/cmTC_b298b.dir/src.cxx.o -c /usr/workspace/haridev/dftracer-project/brahma/build_verify/CMakeFiles/CMakeTmp/src.cxx
Linking CXX executable cmTC_b298b
/usr/tce/backend/installations/linux-rhel8-x86_64/gcc-8.3.1/cmake-3.24.2-ywx52e32uh6gkxzuyubpwkulzgdvxyh6/bin/cmake -E cmake_link_script CMakeFiles/cmTC_b298b.dir/link.txt --verbose=1
/opt/cray/pe/craype/2.7.35/bin/CC  -fPIC -Wall -Wextra -pedantic -Wno-unused-parameter  CMakeFiles/cmTC_b298b.dir/src.cxx.o -o cmTC_b298b  -Wnon-virtual-dtor 
gmake[1]: Leaving directory '/usr/WS2/haridev/dftracer-project/brahma/build_verify/CMakeFiles/CMakeTmp'


Source file was:
int main() { return 0; }
Performing C++ SOURCE FILE Test FLAG__Wno_deprecated_declarations_OK succeeded with the following output:
Change Dir: /usr/workspace/haridev/dftracer-project/brahma/build_verify/CMakeFiles/CMakeTmp

Run Build Command(s):/usr/bin/gmake -f Makefile cmTC_aea2d/fast && /usr/bin/gmake  -f CMakeFiles/cmTC_aea2d.dir/build.make CMakeFiles/cmTC_aea2d.dir/build
gmake[1]: Entering directory '/usr/WS2/haridev/dftracer-project/brahma/build_verify/CMakeFiles/CMakeTmp'
Building CXX object CMakeFiles/cmTC_aea2d.dir/src.cxx.o
/opt/cray/pe/craype/2.7.35/bin/CC -DFLAG__Wno_deprecated_declarations_OK  -fPIC -Wall -Wextra -pedantic -Wno-unused-parameter -Wnon-virtual-dtor    -Wno-deprecated-declarations -std=c++17 -MD -MT CMakeFiles/cmTC_aea2d.dir/src.cxx.o -MF CMakeFiles/cmTC_aea2d.dir/src.cxx.o.d -o CMakeFiles/cmTC_aea2d.dir/src.cxx.o -c /usr/workspace/haridev/dftracer-project/brahma/build_verify/CMakeFiles/CMakeTmp/src.cxx
Linking CXX executable cmTC_aea2d
/usr/tce/backend/installations/linux-rhel8-x86_64/gcc-8.3.1/cmake-3.24.2-ywx52e32uh6gkxzuyubpwkulzgdvxyh6/bin/cmake -E cmake_link_script CMakeFiles/cmTC_aea2d.dir/link.txt --verbose=1
/opt/cray/pe/craype/2.7.35/bin/CC  -fPIC -Wall -Wextra -pedantic -Wno-unused-parameter -Wnon-virtual-dtor  CMakeFiles/cmTC_aea2d.dir/src.cxx.o -o cmTC_aea2d  -Wno-deprecated-declarations 
gmake[1]: Leaving directory '/usr/WS2/haridev/dftracer-project/brahma/build_verify/CMakeFiles/CMakeTmp'


Source file was:
int main() { return 0; }
Performing C SOURCE FILE Test FLAG__fPIC_OK succeeded with the following output:
Change Dir: /usr/workspace/haridev/dftracer-project/brahma/build_verify/CMakeFiles/CMakeTmp

Run Build Command(s):/usr/bin/gmake -f Makefile cmTC_3ccbb/fast && /usr/bin/gmake  -f CMakeFiles/cmTC_3ccbb.dir/build.make CMakeFiles/cmTC_3ccbb.dir/build
gmake[1]: Entering directory '/usr/WS2/haridev/dftracer-project/brahma/build_verify/CMakeFiles/CMakeTmp'
Building C object CMakeFiles/cmTC_3ccbb.dir/src.c.o
/opt/cray/pe/craype/2.7.35/bin/cc -DFLAG__fPIC_OK  -fPIC -std=c11 -MD -MT CMakeFiles/cmTC_3ccbb.dir/src.c.o -MF CMakeFiles/cmTC_3ccbb.dir/src.c.o.d -o CMakeFiles/cmTC_3ccbb.dir/src.c.o -c /usr/workspace/haridev/dftracer-project/brahma/build_verify/CMakeFiles/CMakeTmp/src.c
Linking C executable cmTC_3ccbb
/usr/tce/backend/installations/linux-rhel8-x86_64/gcc-8.3.1/cmake-3.24.2-ywx52e32uh6gkxzuyubpwkulzgdvxyh6/bin/cmake -E cmake_link_script CMakeFiles/cmTC_3ccbb.dir/link.txt --verbose=1
/opt/cray/pe/craype/2.7.35/bin/cc CMakeFiles/cmTC_3ccbb.dir/src.c.o -o cmTC_3ccbb  -fPIC 
gmake[1]: Leaving directory '/usr/WS2/haridev/dftracer-project/brahma/build_verify/CMakeFiles/CMakeTmp'


Source file was:
int main(void) { return 0; }
Performing C SOURCE FILE Test FLAG__Wall_OK succeeded with the following output:
Change Dir: /usr/workspace/haridev/dftracer-project/brahma/build_verify/CMakeFiles/CMakeTmp

Run Build Command(s):/usr/bin/gmake -f Makefile cmTC_2f1d6/fast && /usr/bin/gmake  -f CMakeFiles/cmTC_2f1d6.dir/build.make CMakeFiles/cmTC_2f1d6.dir/build
gmake[1]: Entering directory '/usr/WS2/haridev/dftracer-project/brahma/build_verify/CMakeFiles/CMakeTmp'
Building C object CMakeFiles/cmTC_2f1d6.dir/src.c.o
/opt/cray/pe/craype/2.7.35/bin/cc -DFLAG__Wall_OK  -fPIC    -Wall -std=c11 -MD -MT CMakeFiles/cmTC_2f1d6.dir/src.c.o -MF CMakeFiles/cmTC_2f1d6.dir/src.c.o.d -o CMakeFiles/cmTC_2f1d6.dir/src.c.o -c /usr/workspace/haridev/dftracer-project/brahma/build_verify/CMakeFiles/CMakeTmp/src.c
Linking C executable cmTC_2f1d6
/usr/tce/backend/installations/linux-rhel8-x86_64/gcc-8.3.1/cmake-3.24.2-ywx52e32uh6gkxzuyubpwkulzgdvxyh6/bin/cmake -E cmake_link_script CMakeFiles/cmTC_2f1d6.dir/link.txt --verbose=1
/opt/cray/pe/craype/2.7.35/bin/cc  -fPIC  CMakeFiles/cmTC_2f1d6.dir/src.c.o -o cmTC_2f1d6  -Wall 
gmake[1]: Leaving directory '/usr/WS2/haridev/dftracer-project/brahma/build_verify/CMakeFiles/CMakeTmp'


Source file was:
int main(void) { return 0; }
Performing C SOURCE FILE Test FLAG__Wextra_OK succeeded with the following output:
Change Dir: /usr/workspace/haridev/dftracer-project/brahma/build_verify/CMakeFiles/CMakeTmp

Run Build Command(s):/usr/bin/gmake -f Makefile cmTC_338a6/fast && /usr/bin/gmake  -f CMakeFiles/cmTC_338a6.dir/build.make CMakeFiles/cmTC_338a6.dir/build
gmake[1]: Entering directory '/usr/WS2/haridev/dftracer-project/brahma/build_verify/CMakeFiles/CMakeTmp'
Building C object CMakeFiles/cmTC_338a6.dir/src.c.o
/opt/cray/pe/craype/2.7.35/bin/cc -DFLAG__Wextra_OK  -fPIC -Wall    -Wextra -std=c11 -MD -MT CMakeFiles/cmTC_338a6.dir/src.c.o -MF CMakeFiles/cmTC_338a6.dir/src.c.o.d -o CMakeFiles/cmTC_338a6.dir/src.c.o -c /usr/workspace/haridev/dftracer-project/brahma/build_verify/CMakeFiles/CMakeTmp/src.c
Linking C executable cmTC_338a6
/usr/tce/backend/installations/linux-rhel8-x86_64/gcc-8.3.1/cmake-3.24.2-ywx52e32uh6gkxzuyubpwkulzgdvxyh6/bin/cmake -E cmake_link_script CMakeFiles/cmTC_338a6.dir/link.txt --verbose=1
/opt/cray/pe/craype/2.7.35/bin/cc  -fPIC -Wall  CMakeFiles/cmTC_338a6.dir/src.c.o -o cmTC_338a6  -Wextra 
gmake[1]: Leaving directory '/usr/WS2/haridev/dftracer-project/brahma/build_verify/CMakeFiles/CMakeTmp'


Source file was:
int main(void) { return 0; }
Performing C SOURCE FILE Test FLAG__pedantic_OK succeeded with the following output:
Change Dir: /usr/workspace/haridev/dftracer-project/brahma/build_verify/CMakeFiles/CMakeTmp

Run Build Command(s):/usr/bin/gmake -f Makefile cmTC_621c1/fast && /usr/bin/gmake  -f CMakeFiles/cmTC_621c1.dir/build.make CMakeFiles/cmTC_621c1.dir/build
gmake[1]: Entering directory '/usr/WS2/haridev/dftracer-project/brahma/build_verify/CMakeFiles/CMakeTmp'
Building C object CMakeFiles/cmTC_621c1.dir/src.c.o
/opt/cray/pe/craype/2.7.35/bin/cc -DFLAG__pedantic_OK  -fPIC -Wall -Wextra    -pedantic -std=c11 -MD -MT CMakeFiles/cmTC_621c1.dir/src.c.o -MF CMakeFiles/cmTC_621c1.dir/src.c.o.d -o CMakeFiles/cmTC_621c1.dir/src.c.o -c /usr/workspace/haridev/dftracer-project/brahma/build_verify/CMakeFiles/CMakeTmp/src.c
Linking C executable cmTC_621c1
/usr/tce/backend/installations/linux-rhel8-x86_64/gcc-8.3.1/cmake-3.24.2-ywx52e32uh6gkxzuyubpwkulzgdvxyh6/bin/cmake -E cmake_link_script CMakeFiles/cmTC_621c1.dir/link.txt --verbose=1
/opt/cray/pe/craype/2.7.35/bin/cc  -fPIC -Wall -Wextra  CMakeFiles/cmTC_621c1.dir/src.c.o -o cmTC_621c1  -pedantic 
gmake[1]: Leaving directory '/usr/WS2/haridev/dftracer-project/brahma/build_verify/CMakeFiles/CMakeTmp'


Source file was:
int main(void) { return 0; }
Performing C SOURCE FILE Test FLAG__Wno_unused_parameter_OK succeeded with the following output:
Change Dir: /usr/workspace/haridev/dftracer-project/brahma/build_verify/CMakeFiles/CMakeTmp

Run Build Command(s):/usr/bin/gmake -f Makefile cmTC_03b79/fast && /usr/bin/gmake  -f CMakeFiles/cmTC_03b79.dir/build.make CMakeFiles/cmTC_03b79.dir/build
gmake[1]: Entering directory '/usr/WS2/haridev/dftracer-project/brahma/build_verify/CMakeFiles/CMakeTmp'
Building C object CMakeFiles/cmTC_03b79.dir/src.c.o
/opt/cray/pe/craype/2.7.35/bin/cc -DFLAG__Wno_unused_parameter_OK  -fPIC -Wall -Wextra -pedantic    -Wno-unused-parameter -std=c11 -MD -MT CMakeFiles/cmTC_03b79.dir/src.c.o -MF CMakeFiles/cmTC_03b79.dir/src.c.o.d -o CMakeFiles/cmTC_03b79.dir/src.c.o -c /usr/workspace/haridev/dftracer-project/brahma/build_verify/CMakeFiles/CMakeTmp/src.c
Linking C executable cmTC_03b79
/usr/tce/backend/installations/linux-rhel8-x86_64/gcc-8.3.1/cmake-3.24.2-ywx52e32uh6gkxzuyubpwkulzgdvxyh6/bin/cmake -E cmake_link_script CMakeFiles/cmTC_03b79.dir/link.txt --verbose=1
/opt/cray/pe/craype/2.7.35/bin/cc  -fPIC -Wall -Wextra -pedantic  CMakeFiles/cmTC_03b79.dir/src.c.o -o cmTC_03b79  -Wno-unused-parameter 
gmake[1]: Leaving directory '/usr/WS2/haridev/dftracer-project/brahma/build_verify/CMakeFiles/CMakeTmp'


Source file was:
int main(void) { return 0; }
Performing C SOURCE FILE Test FLAG__Wno_deprecated_declarations_OK succeeded with the following output:
Change Dir: /usr/workspace/haridev/dftracer-project/brahma/build_verify/CMakeFiles/CMakeTmp

Run Build Command(s):/usr/bin/gmake -f Makefile cmTC_5c4bf/fast && /usr/bin/gmake  -f CMakeFiles/cmTC_5c4bf.dir/build.make CMakeFiles/cmTC_5c4bf.dir/build
gmake[1]: Entering directory '/usr/WS2/haridev/dftracer-project/brahma/build_verify/CMakeFiles/CMakeTmp'
Building C object CMakeFiles/cmTC_5c4bf.dir/src.c.o
/opt/cray/pe/craype/2.7.35/bin/cc -DFLAG__Wno_deprecated_declarations_OK  -fPIC -Wall -Wextra -pedantic -Wno-unused-parameter    -Wno-deprecated-declarations -std=c11 -MD -MT CMakeFiles/cmTC_5c4bf.dir/src.c.o -MF CMakeFiles/cmTC_5c4bf.dir/src.c.o.d -o CMakeFiles/cmTC_5c4bf.dir/src.c.o -c /usr/workspace/haridev/dftracer-project/brahma/build_verify/CMakeFiles/CMakeTmp/src.c
Linking C executable cmTC_5c4bf
/usr/tce/backend/installations/linux-rhel8-x86_64/gcc-8.3.1/cmake-3.24.2-ywx52e32uh6gkxzuyubpwkulzgdvxyh6/bin/cmake -E cmake_link_script CMakeFiles/cmTC_5c4bf.dir/link.txt --verbose=1
/opt/cray/pe/craype/2.7.35/bin/cc  -fPIC -Wall -Wextra -pedantic -Wno-unused-parameter  CMakeFiles/cmTC_5c4bf.dir/src.c.o -o cmTC_5c4bf  -Wno-deprecated-declarations 
gmake[1]: Leaving directory '/usr/WS2/haridev/dftracer-project/brahma/build_verify/CMakeFiles/CMakeTmp'


Source file was:
int main(void) { return 0; }
Performing C++ SOURCE FILE Test FLAG__fsanitize=address_OK succeeded with the following output:
Change Dir: /usr/workspace/haridev/dftracer-project/brahma/build_verify/CMakeFiles/CMakeTmp

Run Build Command(s):/usr/bin/gmake -f Makefile cmTC_f8ede/fast && /usr/bin/gmake  -f CMakeFiles/cmTC_f8ede.dir/build.make CMakeFiles/cmTC_f8ede.dir/build
gmake[1]: Entering directory '/usr/WS2/haridev/dftracer-project/brahma/build_verify/CMakeFiles/CMakeTmp'
Building CXX object CMakeFiles/cmTC_f8ede.dir/src.cxx.o
/opt/cray/pe/craype/2.7.35/bin/CC -DFLAG__fsanitize=address_OK  -fPIC -Wall -Wextra -pedantic -Wno-unused-parameter -Wnon-virtual-dtor -Wno-deprecated-declarations    -fsanitize=address -std=c++17 -MD -MT CMakeFiles/cmTC_f8ede.dir/src.cxx.o -MF CMakeFiles/cmTC_f8ede.dir/src.cxx.o.d -o CMakeFiles/cmTC_f8ede.dir/src.cxx.o -c /usr/workspace/haridev/dftracer-project/brahma/build_verify/CMakeFiles/CMakeTmp/src.cxx
Linking CXX executable cmTC_f8ede
/usr/tce/backend/installations/linux-rhel8-x86_64/gcc-8.3.1/cmake-3.24.2-ywx52e32uh6gkxzuyubpwkulzgdvxyh6/bin/cmake -E cmake_link_script CMakeFiles/cmTC_f8ede.dir/link.txt --verbose=1
/opt/cray/pe/craype/2.7.35/bin/CC  -fPIC -Wall -Wextra -pedantic -Wno-unused-parameter -Wnon-virtual-dtor -Wno-deprecated-declarations  CMakeFiles/cmTC_f8ede.dir/src.cxx.o -o cmTC_f8ede  -fsanitize=address 
gmake[1]: Leaving directory '/usr/WS2/haridev/dftracer-project/brahma/build_verify/CMakeFiles/CMakeTmp'


Source file was:
int main() { return 0; }
Performing C++ SOURCE FILE Test FLAG__fno_omit_frame_pointer_OK succeeded with the following output:
Change Dir: /usr/workspace/haridev/dftracer-project/brahma/build_verify/CMakeFiles/CMakeTmp

Run Build Command(s):/usr/bin/gmake -f Makefile cmTC_23920/fast && /usr/bin/gmake  -f CMakeFiles/cmTC_23920.dir/build.make CMakeFiles/cmTC_23920.dir/build
gmake[1]: Entering directory '/usr/WS2/haridev/dftracer-project/brahma/build_verify/CMakeFiles/CMakeTmp'
Building CXX object CMakeFiles/cmTC_23920.dir/src.cxx.o
/opt/cray/pe/craype/2.7.35/bin/CC -DFLAG__fno_omit_frame_pointer_OK  -fPIC -Wall -Wextra -pedantic -Wno-unused-parameter -Wnon-virtual-dtor -Wno-deprecated-declarations -fsanitize=address    -fno-omit-frame-pointer -std=c++17 -MD -MT CMakeFiles/cmTC_23920.dir/src.cxx.o -MF CMakeFiles/cmTC_23920.dir/src.cxx.o.d -o CMakeFiles/cmTC_23920.dir/src.cxx.o -c /usr/workspace/haridev/dftracer-project/brahma/build_verify/CMakeFiles/CMakeTmp/src.cxx
Linking CXX executable cmTC_23920
/usr/tce/backend/installations/linux-rhel8-x86_64/gcc-8.3.1/cmake-3.24.2-ywx52e32uh6gkxzuyubpwkulzgdvxyh6/bin/cmake -E cmake_link_script CMakeFiles/cmTC_23920.dir/link.txt --verbose=1
/opt/cray/pe/craype/2.7.35/bin/CC  -fPIC -Wall -Wextra -pedantic -Wno-unused-parameter -Wnon-virtual-dtor -Wno-deprecated-declarations -fsanitize=address  CMakeFiles/cmTC_23920.dir/src.cxx.o -o cmTC_23920  -fno-omit-frame-pointer 
gmake[1]: Leaving directory '/usr/WS2/haridev/dftracer-project/brahma/build_verify/CMakeFiles/CMakeTmp'


Source file was:
int main() { return 0; }
Performing C++ SOURCE FILE Test FLAG__fsanitize_recover=address_OK succeeded with the following output:
Change Dir: /usr/workspace/haridev/dftracer-project/brahma/build_verify/CMakeFiles/CMakeTmp

Run Build Command(s):/usr/bin/gmake -f Makefile cmTC_859ce/fast && /usr/bin/gmake  -f CMakeFiles/cmTC_859ce.dir/build.make CMakeFiles/cmTC_859ce.dir/build
gmake[1]: Entering directory '/usr/WS2/haridev/dftracer-project/brahma/build_verify/CMakeFiles/CMakeTmp'
Building CXX object CMakeFiles/cmTC_859ce.dir/src.cxx.o
/opt/cray/pe/craype/2.7.35/bin/CC -DFLAG__fsanitize_recover=address_OK  -fPIC -Wall -Wextra -pedantic -Wno-unused-parameter -Wnon-virtual-dtor -Wno-deprecated-declarations -fsanitize=address -fno-omit-frame-pointer    -fsanitize-recover=address -std=c++17 -MD -MT CMakeFiles/cmTC_859ce.dir/src.cxx.o -MF CMakeFiles/cmTC_859ce.dir/src.cxx.o.d -o CMakeFiles/cmTC_859ce.dir/src.cxx.o -c /usr/workspace/haridev/dftracer-project/brahma/build_verify/CMakeFiles/CMakeTmp/src.cxx
Linking CXX executable cmTC_859ce
/usr/tce/backend/installations/linux-rhel8-x86_64/gcc-8.3.1/cmake-3.24.2-ywx52e32uh6gkxzuyubpwkulzgdvxyh6/bin/cmake -E cmake_link_script CMakeFiles/cmTC_859ce.dir/link.txt --verbose=1
/opt/cray/pe/craype/2.7.35/bin/CC  -fPIC -Wall -Wextra -pedantic -Wno-unused-parameter -Wnon-virtual-dtor -Wno-deprecated-declarations -fsanitize=address -fno-omit-frame-pointer  CMakeFiles/cmTC_859ce.dir/src.cxx.o -o cmTC_859ce  -fsanitize-recover=address 
gmake[1]: Leaving directory '/usr/WS2/haridev/dftracer-project/brahma/build_verify/CMakeFiles/CMakeTmp'


Source file was:
int main() { return 0; }
Performing C SOURCE FILE Test FLAG__fsanitize=address_OK succeeded with the following output:
Change Dir: /usr/workspace/haridev/dftracer-project/brahma/build_verify/CMakeFiles/CMakeTmp

Run Build Command(s):/usr/bin/gmake -f Makefile cmTC_d35ef/fast && /usr/bin/gmake  -f CMakeFiles/cmTC_d35ef.dir/build.make CMakeFiles/cmTC_d35ef.dir/build
gmake[1]: Entering directory '/usr/WS2/haridev/dftracer-project/brahma/build_verify/CMakeFiles/CMakeTmp'
Building C object CMakeFiles/cmTC_d35ef.dir/src.c.o
/opt/cray/pe/craype/2.7.35/bin/cc -DFLAG__fsanitize=address_OK  -fPIC -Wall -Wextra -pedantic -Wno-unused-parameter -Wno-deprecated-declarations    -fsanitize=address -std=c11 -MD -MT CMakeFiles/cmTC_d35ef.dir/src.c.o -MF CMakeFiles/cmTC_d35ef.dir/src.c.o.d -o CMakeFiles/cmTC_d35ef.dir/src.c.o -c /usr/workspace/haridev/dftracer-project/brahma/build_verify/CMakeFiles/CMakeTmp/src.c
Linking C executable cmTC_d35ef
/usr/tce/backend/installations/linux-rhel8-x86_64/gcc-8.3.1/cmake-3.24.2-ywx52e32uh6gkxzuyubpwkulzgdvxyh6/bin/cmake -E cmake_link_script CMakeFiles/cmTC_d35ef.dir/link.txt --verbose=1
/opt/cray/pe/craype/2.7.35/bin/cc  -fPIC -Wall -Wextra -pedantic -Wno-unused-parameter -Wno-deprecated-declarations  CMakeFiles/cmTC_d35ef.dir/src.c.o -o cmTC_d35ef  -fsanitize=address 
gmake[1]: Leaving directory '/usr/WS2/haridev/dftracer-project/brahma/build_verify/CMakeFiles/CMakeTmp'


Source file was:
int main(void) { return 0; }
Performing C SOURCE FILE Test FLAG__fno_omit_frame_pointer_OK succeeded with the following output:
Change Dir: /usr/workspace/haridev/dftracer-project/brahma/build_verify/CMakeFiles/CMakeTmp

Run Build Command(s):/usr/bin/gmake -f Makefile cmTC_a7b1e/fast && /usr/bin/gmake  -f CMakeFiles/cmTC_a7b1e.dir/build.make CMakeFiles/cmTC_a7b1e.dir/build
gmake[1]: Entering directory '/usr/WS2/haridev/dftracer-project/brahma/build_verify/CMakeFiles/CMakeTmp'
Building C object CMakeFiles/cmTC_a7b1e.dir/src.c.o
/opt/cray/pe/craype/2.7.35/bin/cc -DFLAG__fno_omit_frame_pointer_OK  -fPIC -Wall -Wextra -pedantic -Wno-unused-parameter -Wno-deprecated-declarations -fsanitize=address    -fno-omit-frame-pointer -std=c11 -MD -MT CMakeFiles/cmTC_a7b1e.dir/src.c.o -MF CMakeFiles/cmTC_a7b1e.dir/src.c.o.d -o CMakeFiles/cmTC_a7b1e.dir/src.c.o -c /usr/workspace/haridev/dftracer-project/brahma/build_verify/CMakeFiles/CMakeTmp/src.c
Linking C executable cmTC_a7b1e
/usr/tce/backend/installations/linux-rhel8-x86_64/gcc-8.3.1/cmake-3.24.2-ywx52e32uh6gkxzuyubpwkulzgdvxyh6/bin/cmake -E cmake_link_script CMakeFiles/cmTC_a7b1e.dir/link.txt --verbose=1
/opt/cray/pe/craype/2.7.35/bin/cc  -fPIC -Wall -Wextra -pedantic -Wno-unused-parameter -Wno-deprecated-declarations -fsanitize=address  CMakeFiles/cmTC_a7b1e.dir/src.c.o -o cmTC_a7b1e  -fno-omit-frame-pointer 
gmake[1]: Leaving directory '/usr/WS2/haridev/dftracer-project/brahma/build_verify/CMakeFiles/CMakeTmp'


Source file was:
int main(void) { return 0; }
Performing C SOURCE FILE Test FLAG__fsanitize_recover=address_OK succeeded with the following output:
Change Dir: /usr/workspace/haridev/dftracer-project/brahma/build_verify/CMakeFiles/CMakeTmp

Run Build Command(s):/usr/bin/gmake -f Makefile cmTC_c66e4/fast && /usr/bin/gmake  -f CMakeFiles/cmTC_c66e4.dir/build.make CMakeFiles/cmTC_c66e4.dir/build
gmake[1]: Entering directory '/usr/WS2/haridev/dftracer-project/brahma/build_verify/CMakeFiles/CMakeTmp'
Building C object CMakeFiles/cmTC_c66e4.dir/src.c.o
/opt/cray/pe/craype/2.7.35/bin/cc -DFLAG__fsanitize_recover=address_OK  -fPIC -Wall -Wextra -pedantic -Wno-unused-parameter -Wno-deprecated-declarations -fsanitize=address -fno-omit-frame-pointer    -fsanitize-recover=address -std=c11 -MD -MT CMakeFiles/cmTC_c66e4.dir/src.c.o -MF CMakeFiles/cmTC_c66e4.dir/src.c.o.d -o CMakeFiles/cmTC_c66e4.dir/src.c.o -c /usr/workspace/haridev/dftracer-project/brahma/build_verify/CMakeFiles/CMakeTmp/src.c
Linking C executable cmTC_c66e4
/usr/tce/backend/installations/linux-rhel8-x86_64/gcc-8.3.1/cmake-3.24.2-ywx52e32uh6gkxzuyubpwkulzgdvxyh6/bin/cmake -E cmake_link_script CMakeFiles/cmTC_c66e4.dir/link.txt --verbose=1
/opt/cray/pe/craype/2.7.35/bin/cc  -fPIC -Wall -Wextra -pedantic -Wno-unused-parameter -Wno-deprecated-declarations -fsanitize=address -fno-omit-frame-pointer  CMakeFiles/cmTC_c66e4.dir/src.c.o -o cmTC_c66e4  -fsanitize-recover=address 
gmake[1]: Leaving directory '/usr/WS2/haridev/dftracer-project/brahma/build_verify/CMakeFiles/CMakeTmp'


Source file was:
int main(void) { return 0; }
Performing C++ SOURCE FILE Test COMPILER_SUPPORTS_CXX11 succeeded with the following output:
Change Dir: /usr/workspace/haridev/dftracer-project/brahma/build_verify/CMakeFiles/CMakeTmp

Run Build Command(s):/usr/bin/gmake -f Makefile cmTC_092b4/fast && /usr/bin/gmake  -f CMakeFiles/cmTC_092b4.dir/build.make CMakeFiles/cmTC_092b4.dir/build
gmake[1]: Entering directory '/usr/WS2/haridev/dftracer-project/brahma/build_verify/CMakeFiles/CMakeTmp'
Building CXX object CMakeFiles/cmTC_092b4.dir/src.cxx.o
/opt/cray/pe/craype/2.7.35/bin/CC -DCOMPILER_SUPPORTS_CXX11  -fPIC -Wall -Wextra -pedantic -Wno-unused-parameter -Wnon-virtual-dtor -Wno-deprecated-declarations -fsanitize=address -fno-omit-frame-pointer -fsanitize-recover=address  -fPIE   -std=c++11 -std=c++17 -MD -MT CMakeFiles/cmTC_092b4.dir/src.cxx.o -MF CMakeFiles/cmTC_092b4.dir/src.cxx.o.d -o CMakeFiles/cmTC_092b4.dir/src.cxx.o -c /usr/workspace/haridev/dftracer-project/brahma/build_verify/CMakeFiles/CMakeTmp/src.cxx
Linking CXX executable cmTC_092b4
/usr/tce/backend/installations/linux-rhel8-x86_64/gcc-8.3.1/cmake-3.24.2-ywx52e32uh6gkxzuyubpwkulzgdvxyh6/bin/cmake -E cmake_link_script CMakeFiles/cmTC_092b4.dir/link.txt --verbose=1
/opt/cray/pe/craype/2.7.35/bin/CC  -fPIC -Wall -Wextra -pedantic -Wno-unused-parameter -Wnon-virtual-dtor -Wno-deprecated-declarations -fsanitize=address -fno-omit-frame-pointer -fsanitize-recover=address  CMakeFiles/cmTC_092b4.dir/src.cxx.o -o cmTC_092b4 
gmake[1]: Leaving directory '/usr/WS2/haridev/dftracer-project/brahma/build_verify/CMakeFiles/CMakeTmp'


Source file was:
int main() { return 0; }
